Archive member included to satisfy reference by file (symbol)

/Applications/STM32CubeIDE.app/Contents/Eclipse/plugins/com.st.stm32cube.ide.mcu.externaltools.gnu-tools-for-stm32.13.3.rel1.macos64_1.0.0.202411102158/tools/bin/../lib/gcc/arm-none-eabi/13.3.1/../../../../arm-none-eabi/lib/thumb/v7e-m+fp/hard/libc_nano.a(libc_a-assert.o)
                              ./IOT_SDK/BSP/esp32_at.o (__assert_func)
/Applications/STM32CubeIDE.app/Contents/Eclipse/plugins/com.st.stm32cube.ide.mcu.externaltools.gnu-tools-for-stm32.13.3.rel1.macos64_1.0.0.202411102158/tools/bin/../lib/gcc/arm-none-eabi/13.3.1/../../../../arm-none-eabi/lib/thumb/v7e-m+fp/hard/libc_nano.a(libc_a-atoi.o)
                              ./IOT_SDK/BSP/esp32_at.o (atoi)
/Applications/STM32CubeIDE.app/Contents/Eclipse/plugins/com.st.stm32cube.ide.mcu.externaltools.gnu-tools-for-stm32.13.3.rel1.macos64_1.0.0.202411102158/tools/bin/../lib/gcc/arm-none-eabi/13.3.1/../../../../arm-none-eabi/lib/thumb/v7e-m+fp/hard/libc_nano.a(libc_a-exit.o)
                              /Applications/STM32CubeIDE.app/Contents/Eclipse/plugins/com.st.stm32cube.ide.mcu.externaltools.gnu-tools-for-stm32.13.3.rel1.macos64_1.0.0.202411102158/tools/bin/../lib/gcc/arm-none-eabi/13.3.1/../../../../arm-none-eabi/lib/thumb/v7e-m+fp/hard/crt0.o (exit)
/Applications/STM32CubeIDE.app/Contents/Eclipse/plugins/com.st.stm32cube.ide.mcu.externaltools.gnu-tools-for-stm32.13.3.rel1.macos64_1.0.0.202411102158/tools/bin/../lib/gcc/arm-none-eabi/13.3.1/../../../../arm-none-eabi/lib/thumb/v7e-m+fp/hard/libc_nano.a(libc_a-nano-vfprintf.o)
                              ./IOT_SDK/Thirdparty/aws-iot-device-sdk-libraries/3rdparty/tinycbor/src/cborpretty_stdio.o (vfprintf)
/Applications/STM32CubeIDE.app/Contents/Eclipse/plugins/com.st.stm32cube.ide.mcu.externaltools.gnu-tools-for-stm32.13.3.rel1.macos64_1.0.0.202411102158/tools/bin/../lib/gcc/arm-none-eabi/13.3.1/../../../../arm-none-eabi/lib/thumb/v7e-m+fp/hard/libc_nano.a(libc_a-malloc.o)
                              ./IOT_SDK/Thirdparty/aws-iot-device-sdk-libraries/3rdparty/tinycbor/src/cborparser_dup_string.o (malloc)
/Applications/STM32CubeIDE.app/Contents/Eclipse/plugins/com.st.stm32cube.ide.mcu.externaltools.gnu-tools-for-stm32.13.3.rel1.macos64_1.0.0.202411102158/tools/bin/../lib/gcc/arm-none-eabi/13.3.1/../../../../arm-none-eabi/lib/thumb/v7e-m+fp/hard/libc_nano.a(libc_a-mallocr.o)
                              /Applications/STM32CubeIDE.app/Contents/Eclipse/plugins/com.st.stm32cube.ide.mcu.externaltools.gnu-tools-for-stm32.13.3.rel1.macos64_1.0.0.202411102158/tools/bin/../lib/gcc/arm-none-eabi/13.3.1/../../../../arm-none-eabi/lib/thumb/v7e-m+fp/hard/libc_nano.a(libc_a-malloc.o) (_malloc_r)
/Applications/STM32CubeIDE.app/Contents/Eclipse/plugins/com.st.stm32cube.ide.mcu.externaltools.gnu-tools-for-stm32.13.3.rel1.macos64_1.0.0.202411102158/tools/bin/../lib/gcc/arm-none-eabi/13.3.1/../../../../arm-none-eabi/lib/thumb/v7e-m+fp/hard/libc_nano.a(libc_a-nano-vfprintf_i.o)
                              /Applications/STM32CubeIDE.app/Contents/Eclipse/plugins/com.st.stm32cube.ide.mcu.externaltools.gnu-tools-for-stm32.13.3.rel1.macos64_1.0.0.202411102158/tools/bin/../lib/gcc/arm-none-eabi/13.3.1/../../../../arm-none-eabi/lib/thumb/v7e-m+fp/hard/libc_nano.a(libc_a-nano-vfprintf.o) (_printf_i)
/Applications/STM32CubeIDE.app/Contents/Eclipse/plugins/com.st.stm32cube.ide.mcu.externaltools.gnu-tools-for-stm32.13.3.rel1.macos64_1.0.0.202411102158/tools/bin/../lib/gcc/arm-none-eabi/13.3.1/../../../../arm-none-eabi/lib/thumb/v7e-m+fp/hard/libc_nano.a(libc_a-fclose.o)
                              ./IOT_SDK/Thirdparty/aws-iot-device-sdk-libraries/3rdparty/tinycbor/src/cbortojson.o (fclose)
/Applications/STM32CubeIDE.app/Contents/Eclipse/plugins/com.st.stm32cube.ide.mcu.externaltools.gnu-tools-for-stm32.13.3.rel1.macos64_1.0.0.202411102158/tools/bin/../lib/gcc/arm-none-eabi/13.3.1/../../../../arm-none-eabi/lib/thumb/v7e-m+fp/hard/libc_nano.a(libc_a-fflush.o)
                              /Applications/STM32CubeIDE.app/Contents/Eclipse/plugins/com.st.stm32cube.ide.mcu.externaltools.gnu-tools-for-stm32.13.3.rel1.macos64_1.0.0.202411102158/tools/bin/../lib/gcc/arm-none-eabi/13.3.1/../../../../arm-none-eabi/lib/thumb/v7e-m+fp/hard/libc_nano.a(libc_a-fclose.o) (__sflush_r)
/Applications/STM32CubeIDE.app/Contents/Eclipse/plugins/com.st.stm32cube.ide.mcu.externaltools.gnu-tools-for-stm32.13.3.rel1.macos64_1.0.0.202411102158/tools/bin/../lib/gcc/arm-none-eabi/13.3.1/../../../../arm-none-eabi/lib/thumb/v7e-m+fp/hard/libc_nano.a(libc_a-snprintf.o)
                              ./Core/Src/main.o (snprintf)
/Applications/STM32CubeIDE.app/Contents/Eclipse/plugins/com.st.stm32cube.ide.mcu.externaltools.gnu-tools-for-stm32.13.3.rel1.macos64_1.0.0.202411102158/tools/bin/../lib/gcc/arm-none-eabi/13.3.1/../../../../arm-none-eabi/lib/thumb/v7e-m+fp/hard/libc_nano.a(libc_a-mlock.o)
[...]
Memory Configuration

Name             Origin             Length             Attributes
RAM              0x20000000         0x00020000         xrw
FLASH            0x08000000         0x00080000         xr
*default*        0x00000000         0xffffffff

Linker script and memory map

LOAD /Applications/STM32CubeIDE.app/Contents/Eclipse/plugins/com.st.stm32cube.ide.mcu.externaltools.gnu-tools-for-stm32.13.3.rel1.macos64_1.0.0.202411102158/tools/bin/../lib/gcc/arm-none-eabi/13.3.1/thumb/v7e-m+fp/hard/crti.o
LOAD /Applications/STM32CubeIDE.app/Contents/Eclipse/plugins/com.st.stm32cube.ide.mcu.externaltools.gnu-tools-for-stm32.13.3.rel1.macos64_1.0.0.202411102158/tools/bin/../lib/gcc/arm-none-eabi/13.3.1/thumb/v7e-m+fp/hard/crtbegin.o
LOAD /Applications/STM32CubeIDE.app/Contents/Eclipse/plugins/com.st.stm32cube.ide.mcu.externaltools.gnu-tools-for-stm32.13.3.rel1.macos64_1.0.0.202411102158/tools/bin/../lib/gcc/arm-none-eabi/13.3.1/../../../../arm-none-eabi/lib/thumb/v7e-m+fp/hard/crt0.o
LOAD ./Core/Src/main.o
LOAD ./Core/Src/stm32f4xx_hal_msp.o
LOAD ./Core/Src/stm32f4xx_hal_timebase_tim.o
LOAD ./Core/Src/stm32f4xx_it.o
LOAD ./Core/Src/syscalls.o
LOAD ./Core/Src/sysmem.o
LOAD ./Core/Src/system_stm32f4xx.o
LOAD ./Core/Startup/startup_stm32f446retx.o
LOAD ./Drivers/STM32F4xx_HAL_Driver/Src/stm32f4xx_hal.o
LOAD ./Drivers/STM32F4xx_HAL_Driver/Src/stm32f4xx_hal_cortex.o
LOAD ./Drivers/STM32F4xx_HAL_Driver/Src/stm32f4xx_hal_dma.o
LOAD ./Drivers/STM32F4xx_HAL_Driver/Src/stm32f4xx_hal_dma_ex.o
LOAD ./Drivers/STM32F4xx_HAL_Driver/Src/stm32f4xx_hal_exti.o
LOAD ./Drivers/STM32F4xx_HAL_Driver/Src/stm32f4xx_hal_flash.o
LOAD ./Drivers/STM32F4xx_HAL_Driver/Src/stm32f4xx_hal_flash_ex.o
LOAD ./Drivers/STM32F4xx_HAL_Driver/Src/stm32f4xx_hal_flash_ramfunc.o
LOAD ./Drivers/STM32F4xx_HAL_Driver/Src/stm32f4xx_hal_gpio.o
LOAD ./Drivers/STM32F4xx_HAL_Driver/Src/stm32f4xx_hal_i2c.o
LOAD ./Drivers/STM32F4xx_HAL_Driver/Src/stm32f4xx_hal_i2c_ex.o
LOAD ./Drivers/STM32F4xx_HAL_Driver/Src/stm32f4xx_hal_pwr.o
LOAD ./Drivers/STM32F4xx_HAL_Driver/Src/stm32f4xx_hal_pwr_ex.o
LOAD ./Drivers/STM32F4xx_HAL_Driver/Src/stm32f4xx_hal_rcc.o
LOAD ./Drivers/STM32F4xx_HAL_Driver/Src/stm32f4xx_hal_rcc_ex.o
LOAD ./Drivers/STM32F4xx_HAL_Driver/Src/stm32f4xx_hal_tim.o
LOAD ./Drivers/STM32F4xx_HAL_Driver/Src/stm32f4xx_hal_tim_ex.o
LOAD ./Drivers/STM32F4xx_HAL_Driver/Src/stm32f4xx_hal_uart.o
LOAD ./IOT_SDK/BSP/dht11.o
LOAD ./IOT_SDK/BSP/esp32_at.o
LOAD ./IOT_SDK/BSP/esp32_at_io.o
LOAD ./IOT_SDK/BSP/hdc1080.o
LOAD ./IOT_SDK/BSP/utils/fonts.o
LOAD ./IOT_SDK/BSP/utils/ota_flash.o
LOAD ./IOT_SDK/BSP/utils/sesnor_util.o
LOAD ./IOT_SDK/Thirdparty/FreeRTOS-Kernel/croutine.o
LOAD ./IOT_SDK/Thirdparty/FreeRTOS-Kernel/event_groups.o
LOAD ./IOT_SDK/Thirdparty/FreeRTOS-Kernel/freertos_hooks.o
LOAD ./IOT_SDK/Thirdparty/FreeRTOS-Kernel/list.o
LOAD ./IOT_SDK/Thirdparty/FreeRTOS-Kernel/queue.o
LOAD ./IOT_SDK/Thirdparty/FreeRTOS-Kernel/stream_buffer.o
LOAD ./IOT_SDK/Thirdparty/FreeRTOS-Kernel/tasks.o
LOAD ./IOT_SDK/Thirdparty/FreeRTOS-Kernel/timers.o
LOAD ./IOT_SDK/Thirdparty/FreeRTOS-Kernel/portable/GCC/ARM_CM4F/port.o
LOAD ./IOT_SDK/Thirdparty/FreeRTOS-Kernel/portable/MemMang/heap_4.o
LOAD ./IOT_SDK/Thirdparty/aws-iot-device-sdk-libraries/3rdparty/tinycbor/src/cborencoder.o
LOAD ./IOT_SDK/Thirdparty/aws-iot-device-sdk-libraries/3rdparty/tinycbor/src/cborencoder_close_container_checked.o
LOAD ./IOT_SDK/Thirdparty/aws-iot-device-sdk-libraries/3rdparty/tinycbor/src/cborerrorstrings.o
LOAD ./IOT_SDK/Thirdparty/aws-iot-device-sdk-libraries/3rdparty/tinycbor/src/cborparser.o
LOAD ./IOT_SDK/Thirdparty/aws-iot-device-sdk-libraries/3rdparty/tinycbor/src/cborparser_dup_string.o
LOAD ./IOT_SDK/Thirdparty/aws-iot-device-sdk-libraries/3rdparty/tinycbor/src/cborpretty.o
LOAD ./IOT_SDK/Thirdparty/aws-iot-device-sdk-libraries/3rdparty/tinycbor/src/cborpretty_stdio.o
LOAD ./IOT_SDK/Thirdparty/aws-iot-device-sdk-libraries/3rdparty/tinycbor/src/cbortojson.o
LOAD ./IOT_SDK/Thirdparty/aws-iot-device-sdk-libraries/3rdparty/tinycbor/src/cborvalidation.o
LOAD ./IOT_SDK/Thirdparty/aws-iot-device-sdk-libraries/aws/Jobs-for-AWS-IoT-embedded-sdk/source/jobs.o
LOAD ./IOT_SDK/Thirdparty/aws-iot-device-sdk-libraries/aws/Jobs-for-AWS-IoT-embedded-sdk/source/otaJobParser/job_parser.o
LOAD ./IOT_SDK/Thirdparty/aws-iot-device-sdk-libraries/aws/Jobs-for-AWS-IoT-embedded-sdk/source/otaJobParser/ota_job_handler.o
LOAD ./IOT_SDK/Thirdparty/aws-iot-device-sdk-libraries/aws/aws-iot-core-mqtt-file-streams/source/MQTTFileDownloader.o
LOAD ./IOT_SDK/Thirdparty/aws-iot-device-sdk-libraries/aws/aws-iot-core-mqtt-file-streams/source/MQTTFileDownloader_base64.o
LOAD ./IOT_SDK/Thirdparty/aws-iot-device-sdk-libraries/aws/aws-iot-core-mqtt-file-streams/source/MQTTFileDownloader_cbor.o
LOAD ./IOT_SDK/Thirdparty/aws-iot-device-sdk-libraries/standard/coreJSON/source/core_json.o
LOAD ./IOT_SDK/mqtt_helper/mqtt_helper.o
START GROUP
LOAD /Applications/STM32CubeIDE.app/Contents/Eclipse/plugins/com.st.stm32cube.ide.mcu.externaltools.gnu-tools-for-stm32.13.3.rel1.macos64_1.0.0.202411102158/tools/bin/../lib/gcc/arm-none-eabi/13.3.1/../../../../arm-none-eabi/lib/thumb/v7e-m+fp/hard/libc_nano.a
LOAD /Applications/STM32CubeIDE.app/Contents/Eclipse/plugins/com.st.stm32cube.ide.mcu.externaltools.gnu-tools-for-stm32.13.3.rel1.macos64_1.0.0.202411102158/tools/bin/../lib/gcc/arm-none-eabi/13.3.1/../../../../arm-none-eabi/lib/thumb/v7e-m+fp/hard/libm.a
END GROUP
START GROUP
LOAD /Applications/STM32CubeIDE.app/Contents/Eclipse/plugins/com.st.stm32cube.ide.mcu.externaltools.gnu-tools-for-stm32.13.3.rel1.macos64_1.0.0.202411102158/tools/bin/../lib/gcc/arm-none-eabi/13.3.1/thumb/v7e-m+fp/hard/libgcc.a
LOAD /Applications/STM32CubeIDE.app/Contents/Eclipse/plugins/com.st.stm32cube.ide.mcu.externaltools.gnu-tools-for-stm32.13.3.rel1.macos64_1.0.0.202411102158/tools/bin/../lib/gcc/arm-none-eabi/13.3.1/../../../../arm-none-eabi/lib/thumb/v7e-m+fp/hard/libc_nano.a
END GROUP
START GROUP
LOAD /Applications/STM32CubeIDE.app/Contents/Eclipse/plugins/com.st.stm32cube.ide.mcu.externaltools.gnu-tools-for-stm32.13.3.rel1.macos64_1.0.0.202411102158/tools/bin/../lib/gcc/arm-none-eabi/13.3.1/thumb/v7e-m+fp/hard/libgcc.a
LOAD /Applications/STM32CubeIDE.app/Contents/Eclipse/plugins/com.st.stm32cube.ide.mcu.externaltools.gnu-tools-for-stm32.13.3.rel1.macos64_1.0.0.202411102158/tools/bin/../lib/gcc/arm-none-eabi/13.3.1/../../../../arm-none-eabi/lib/thumb/v7e-m+fp/hard/libc_nano.a
LOAD /Applications/STM32CubeIDE.app/Contents/Eclipse/plugins/com.st.stm32cube.ide.mcu.externaltools.gnu-tools-for-stm32.13.3.rel1.macos64_1.0.0.202411102158/tools/bin/../lib/gcc/arm-none-eabi/13.3.1/../../../../arm-none-eabi/lib/thumb/v7e-m+fp/hard/libnosys.a
END GROUP
START GROUP
LOAD /Applications/STM32CubeIDE.app/Contents/Eclipse/plugins/com.st.stm32cube.ide.mcu.externaltools.gnu-tools-for-stm32.13.3.rel1.macos64_1.0.0.202411102158/tools/bin/../lib/gcc/arm-none-eabi/13.3.1/thumb/v7e-m+fp/hard/libgcc.a
LOAD /Applications/STM32CubeIDE.app/Contents/Eclipse/plugins/com.st.stm32cube.ide.mcu.externaltools.gnu-tools-for-stm32.13.3.rel1.macos64_1.0.0.202411102158/tools/bin/../lib/gcc/arm-none-eabi/13.3.1/../../../../arm-none-eabi/lib/thumb/v7e-m+fp/hard/libc_nano.a
LOAD /Applications/STM32CubeIDE.app/Contents/Eclipse/plugins/com.st.stm32cube.ide.mcu.externaltools.gnu-tools-for-stm32.13.3.rel1.macos64_1.0.0.202411102158/tools/bin/../lib/gcc/arm-none-eabi/13.3.1/../../../../arm-none-eabi/lib/thumb/v7e-m+fp/hard/libnosys.a
END GROUP
LOAD /Applications/STM32CubeIDE.app/Contents/Eclipse/plugins/com.st.stm32cube.ide.mcu.externaltools.gnu-tools-for-stm32.13.3.rel1.macos64_1.0.0.202411102158/tools/bin/../lib/gcc/arm-none-eabi/13.3.1/thumb/v7e-m+fp/hard/crtend.o
LOAD /Applications/STM32CubeIDE.app/Contents/Eclipse/plugins/com.st.stm32cube.ide.mcu.externaltools.gnu-tools-for-stm32.13.3.rel1.macos64_1.0.0.202411102158/tools/bin/../lib/gcc/arm-none-eabi/13.3.1/thumb/v7e-m+fp/hard/crtn.o
                0x20020000                        _estack = (ORIGIN (RAM) + LENGTH (RAM))
                0x00000200                        _Min_Heap_Size = 0x200
                0x00000400                        _Min_Stack_Size = 0x400

.isr_vector     0x08000000      0x1c4
                0x08000000                        . = ALIGN (0x4)
 *(.isr_vector)
 .isr_vector    0x08000000      0x1c4 ./Core/Startup/startup_stm32f446retx.o
                0x08000000                g_pfnVectors
                0x080001c4                        . = ALIGN (0x4)

.text           0x080001d0     0xae18
                0x080001d0                        . = ALIGN (0x4)
 *(.text)
 .text          0x080001d0       0x40 /Applications/STM32CubeIDE.app/Contents/Eclipse/plugins/com.st.stm32cube.ide.mcu.externaltools.gnu-tools-for-stm32.13.3.rel1.macos64_1.0.0.202411102158/tools/bin/../lib/gcc/arm-none-eabi/13.3.1/thumb/v7e-m+fp/hard/crtbegin.o
 .text          0x08000210       0xa0 /Applications/STM32CubeIDE.app/Contents/Eclipse/plugins/com.st.stm32cube.ide.mcu.externaltools.gnu-tools-for-stm32.13.3.rel1.macos64_1.0.0.202411102158/tools/bin/../lib/gcc/arm-none-eabi/13.3.1/../../../../arm-none-eabi/lib/thumb/v7e-m+fp/hard/libc_nano.a(libc_a-memchr.o)
                0x08000210                memchr
 .text          0x080002b0       0x10 /Applications/STM32CubeIDE.app/Contents/Eclipse/plugins/com.st.stm32cube.ide.mcu.externaltools.gnu-tools-for-stm32.13.3.rel1.macos64_1.0.0.202411102158/tools/bin/../lib/gcc/arm-none-eabi/13.3.1/../../../../arm-none-eabi/lib/thumb/v7e-m+fp/hard/libc_nano.a(libc_a-strlen.o)
                0x080002b0                strlen
 .text          0x080002c0       0x30 /Applications/STM32CubeIDE.app/Contents/Eclipse/plugins/com.st.stm32cube.ide.mcu.externaltools.gnu-tools-for-stm32.13.3.rel1.macos64_1.0.0.202411102158/tools/bin/../lib/gcc/arm-none-eabi/13.3.1/thumb/v7e-m+fp/hard/libgcc.a(_aeabi_uldivmod.o)
                0x080002c0                __aeabi_uldivmod
 .text          0x080002f0      0x2f8 /Applications/STM32CubeIDE.app/Contents/Eclipse/plugins/com.st.stm32cube.ide.mcu.externaltools.gnu-tools-for-stm32.13.3.rel1.macos64_1.0.0.202411102158/tools/bin/../lib/gcc/arm-none-eabi/13.3.1/thumb/v7e-m+fp/hard/libgcc.a(_udivmoddi4.o)
                0x080002f0                __udivmoddi4
 .text          0x080005e8        0x4 /Applications/STM32CubeIDE.app/Contents/Eclipse/plugins/com.st.stm32cube.ide.mcu.externaltools.gnu-tools-for-stm32.13.3.rel1.macos64_1.0.0.202411102158/tools/bin/../lib/gcc/arm-none-eabi/13.3.1/thumb/v7e-m+fp/hard/libgcc.a(_dvmd_tls.o)
                0x080005e8                __aeabi_ldiv0
                0x080005e8                __aeabi_idiv0
 *(.text*)
 .text._write   0x080005ec       0x2c ./Core/Src/main.o
                0x080005ec                _write
 .text.mqtt_publish_task
                0x08000618      0x164 ./Core/Src/main.o
                0x08000618                mqtt_publish_task
 .text.mqtt_receive_task
                0x0800077c      0x120 ./Core/Src/main.o
                0x0800077c                mqtt_receive_task
 .text.at_cmd_handle_task
                0x0800089c      0x2f0 ./Core/Src/main.o
                0x0800089c                at_cmd_handle_task
 .text.main     0x08000b8c      0x418 ./Core/Src/main.o
                0x08000b8c                main
 .text.SystemClock_Config
                0x08000fa4       0xd8 ./Core/Src/main.o
                0x08000fa4                SystemClock_Config
 .text.MX_I2C1_Init
                0x0800107c       0x5c ./Core/Src/main.o
 .text.MX_UART4_Init
                0x080010d8       0x54 ./Core/Src/main.o
 .text.MX_USART2_UART_Init
                0x0800112c       0x54 ./Core/Src/main.o
 .text.MX_DMA_Init
                0x08001180       0x40 ./Core/Src/main.o
 .text.MX_GPIO_Init
                0x080011c0      0x108 ./Core/Src/main.o
 .text.HAL_TIM_PeriodElapsedCallback
                0x080012c8       0x24 ./Core/Src/main.o
                0x080012c8                HAL_TIM_PeriodElapsedCallback
 .text.Error_Handler
                0x080012ec        0xc ./Core/Src/main.o
                0x080012ec                Error_Handler
 .text.HAL_MspInit
                0x080012f8       0x50 ./Core/Src/stm32f4xx_hal_msp.o
                0x080012f8                HAL_MspInit
 .text.HAL_I2C_MspInit
                0x08001348       0x90 ./Core/Src/stm32f4xx_hal_msp.o
                0x08001348                HAL_I2C_MspInit
 .text.HAL_UART_MspInit
                0x080013d8      0x16c ./Core/Src/stm32f4xx_hal_msp.o
                0x080013d8                HAL_UART_MspInit
 .text.HAL_UART_MspDeInit
                0x08001544       0x70 ./Core/Src/stm32f4xx_hal_msp.o
                0x08001544                HAL_UART_MspDeInit
 .text.HAL_InitTick
                0x080015b4       0xf8 ./Core/Src/stm32f4xx_hal_timebase_tim.o
                0x080015b4                HAL_InitTick
 .text.NMI_Handler
                0x080016ac        0x8 ./Core/Src/stm32f4xx_it.o
                0x080016ac                NMI_Handler
 .text.HardFault_Handler
                0x080016b4        0x8 ./Core/Src/stm32f4xx_it.o
                0x080016b4                HardFault_Handler
 .text.MemManage_Handler
                0x080016bc        0x8 ./Core/Src/stm32f4xx_it.o
                0x080016bc                MemManage_Handler
 .text.BusFault_Handler
                0x080016c4        0x8 ./Core/Src/stm32f4xx_it.o
                0x080016c4                BusFault_Handler
 .text.UsageFault_Handler
                0x080016cc        0x8 ./Core/Src/stm32f4xx_it.o
                0x080016cc                UsageFault_Handler
 .text.DebugMon_Handler
                0x080016d4        0xe ./Core/Src/stm32f4xx_it.o
                0x080016d4                DebugMon_Handler
 *fill*         0x080016e2        0x2 
 .text.DMA1_Stream2_IRQHandler
                0x080016e4       0x14 ./Core/Src/stm32f4xx_it.o
                0x080016e4                DMA1_Stream2_IRQHandler
 .text.UART4_IRQHandler
                0x080016f8       0x14 ./Core/Src/stm32f4xx_it.o
                0x080016f8                UART4_IRQHandler
 .text.TIM6_DAC_IRQHandler
                0x0800170c       0x14 ./Core/Src/stm32f4xx_it.o
                0x0800170c                TIM6_DAC_IRQHandler
 .text._getpid  0x08001720       0x10 ./Core/Src/syscalls.o
                0x08001720                _getpid
 .text._kill    0x08001730       0x20 ./Core/Src/syscalls.o
                0x08001730                _kill
 .text._exit    0x08001750       0x16 ./Core/Src/syscalls.o
                0x08001750                _exit
 .text._read    0x08001766       0x3a ./Core/Src/syscalls.o
                0x08001766                _read
 .text._close   0x080017a0       0x18 ./Core/Src/syscalls.o
                0x080017a0                _close
 .text._fstat   0x080017b8       0x20 ./Core/Src/syscalls.o
                0x080017b8                _fstat
 .text._isatty  0x080017d8       0x16 ./Core/Src/syscalls.o
                0x080017d8                _isatty
 .text._lseek   0x080017ee       0x1a ./Core/Src/syscalls.o
                0x080017ee                _lseek
 .text._sbrk    0x08001808       0x6c ./Core/Src/sysmem.o
                0x08001808                _sbrk
 .text.SystemInit
                0x08001874       0x24 ./Core/Src/system_stm32f4xx.o
                0x08001874                SystemInit
 .text.Reset_Handler
                0x08001898       0x50 ./Core/Startup/startup_stm32f446retx.o
                0x08001898                Reset_Handler
 .text.Default_Handler
                0x080018e8        0x2 ./Core/Startup/startup_stm32f446retx.o
                0x080018e8                DMA1_Stream3_IRQHandler
                0x080018e8                EXTI2_IRQHandler
                0x080018e8                TIM8_CC_IRQHandler
                0x080018e8                FMPI2C1_EV_IRQHandler
                0x080018e8                SPI4_IRQHandler
                0x080018e8                TIM1_CC_IRQHandler
                0x080018e8                DMA2_Stream5_IRQHandler
                0x080018e8                DMA1_Stream5_IRQHandler
                0x080018e8                PVD_IRQHandler
                0x080018e8                SDIO_IRQHandler
                0x080018e8                TAMP_STAMP_IRQHandler
                0x080018e8                CAN2_RX1_IRQHandler
                0x080018e8                EXTI3_IRQHandler
                0x080018e8                TIM8_TRG_COM_TIM14_IRQHandler
                0x080018e8                TIM1_UP_TIM10_IRQHandler
                0x080018e8                TIM8_UP_TIM13_IRQHandler
                0x080018e8                I2C3_ER_IRQHandler
                0x080018e8                EXTI0_IRQHandler
                0x080018e8                I2C2_EV_IRQHandler
                0x080018e8                CAN1_RX0_IRQHandler
                0x080018e8                FPU_IRQHandler
                0x080018e8                OTG_HS_WKUP_IRQHandler
                0x080018e8                CAN2_SCE_IRQHandler
                0x080018e8                DMA2_Stream2_IRQHandler
                0x080018e8                SPI1_IRQHandler
                0x080018e8                TIM1_BRK_TIM9_IRQHandler
                0x080018e8                DCMI_IRQHandler
                0x080018e8                CAN2_RX0_IRQHandler
                0x080018e8                DMA2_Stream3_IRQHandler
                0x080018e8                SAI2_IRQHandler
                0x080018e8                USART6_IRQHandler
                0x080018e8                USART3_IRQHandler
                0x080018e8                CAN1_RX1_IRQHandler
                0x080018e8                UART5_IRQHandler
                0x080018e8                DMA2_Stream0_IRQHandler
                0x080018e8                TIM4_IRQHandler
                0x080018e8                QUADSPI_IRQHandler
                0x080018e8                I2C1_EV_IRQHandler
                0x080018e8                DMA1_Stream6_IRQHandler
                0x080018e8                DMA1_Stream1_IRQHandler
                0x080018e8                TIM3_IRQHandler
                0x080018e8                RCC_IRQHandler
                0x080018e8                TIM8_BRK_TIM12_IRQHandler
                0x080018e8                Default_Handler
                0x080018e8                CEC_IRQHandler
                0x080018e8                EXTI15_10_IRQHandler
                0x080018e8                ADC_IRQHandler
                0x080018e8                DMA1_Stream7_IRQHandler
                0x080018e8                TIM7_IRQHandler
                0x080018e8                CAN2_TX_IRQHandler
                0x080018e8                TIM5_IRQHandler
                0x080018e8                DMA2_Stream7_IRQHandler
                0x080018e8                I2C3_EV_IRQHandler
                0x080018e8                EXTI9_5_IRQHandler
                0x080018e8                RTC_WKUP_IRQHandler
                0x080018e8                SPDIF_RX_IRQHandler
                0x080018e8                SPI2_IRQHandler
                0x080018e8                OTG_HS_EP1_IN_IRQHandler
                0x080018e8                DMA1_Stream0_IRQHandler
                0x080018e8                CAN1_TX_IRQHandler
                0x080018e8                FMPI2C1_ER_IRQHandler
                0x080018e8                EXTI4_IRQHandler
                0x080018e8                OTG_HS_EP1_OUT_IRQHandler
                0x080018e8                WWDG_IRQHandler
                0x080018e8                TIM2_IRQHandler
                0x080018e8                OTG_FS_WKUP_IRQHandler
                0x080018e8                TIM1_TRG_COM_TIM11_IRQHandler
                0x080018e8                OTG_HS_IRQHandler
                0x080018e8                EXTI1_IRQHandler
                0x080018e8                USART2_IRQHandler
                0x080018e8                I2C2_ER_IRQHandler
                0x080018e8                DMA2_Stream1_IRQHandler
                0x080018e8                CAN1_SCE_IRQHandler
                0x080018e8                FLASH_IRQHandler
                0x080018e8                DMA2_Stream4_IRQHandler
                0x080018e8                USART1_IRQHandler
                0x080018e8                OTG_FS_IRQHandler
                0x080018e8                SPI3_IRQHandler
                0x080018e8                DMA1_Stream4_IRQHandler
                0x080018e8                I2C1_ER_IRQHandler
                0x080018e8                FMC_IRQHandler
                0x080018e8                DMA2_Stream6_IRQHandler
                0x080018e8                SAI1_IRQHandler
                0x080018e8                RTC_Alarm_IRQHandler
 *fill*         0x080018ea        0x2 
 .text.HAL_Init
                0x080018ec       0x44 ./Drivers/STM32F4xx_HAL_Driver/Src/stm32f4xx_hal.o
                0x080018ec                HAL_Init
 .text.HAL_IncTick
                0x08001930       0x28 ./Drivers/STM32F4xx_HAL_Driver/Src/stm32f4xx_hal.o
                0x08001930                HAL_IncTick
 .text.HAL_GetTick
                0x08001958       0x18 ./Drivers/STM32F4xx_HAL_Driver/Src/stm32f4xx_hal.o
                0x08001958                HAL_GetTick
 .text.HAL_Delay
                0x08001970       0x48 ./Drivers/STM32F4xx_HAL_Driver/Src/stm32f4xx_hal.o
                0x08001970                HAL_Delay
 .text.__NVIC_SetPriorityGrouping
                0x080019b8       0x48 ./Drivers/STM32F4xx_HAL_Driver/Src/stm32f4xx_hal_cortex.o
 .text.__NVIC_GetPriorityGrouping
                0x08001a00       0x1c ./Drivers/STM32F4xx_HAL_Driver/Src/stm32f4xx_hal_cortex.o
 .text.__NVIC_EnableIRQ
                0x08001a1c       0x3c ./Drivers/STM32F4xx_HAL_Driver/Src/stm32f4xx_hal_cortex.o
 .text.__NVIC_DisableIRQ
                0x08001a58       0x48 ./Drivers/STM32F4xx_HAL_Driver/Src/stm32f4xx_hal_cortex.o
 .text.__NVIC_SetPriority
                0x08001aa0       0x54 ./Drivers/STM32F4xx_HAL_Driver/Src/stm32f4xx_hal_cortex.o
 .text.NVIC_EncodePriority
                0x08001af4       0x66 ./Drivers/STM32F4xx_HAL_Driver/Src/stm32f4xx_hal_cortex.o
 .text.HAL_NVIC_SetPriorityGrouping
                0x08001b5a       0x16 ./Drivers/STM32F4xx_HAL_Driver/Src/stm32f4xx_hal_cortex.o
                0x08001b5a                HAL_NVIC_SetPriorityGrouping
 .text.HAL_NVIC_SetPriority
                0x08001b70       0x38 ./Drivers/STM32F4xx_HAL_Driver/Src/stm32f4xx_hal_cortex.o
                0x08001b70                HAL_NVIC_SetPriority
 .text.HAL_NVIC_EnableIRQ
                0x08001ba8       0x1c ./Drivers/STM32F4xx_HAL_Driver/Src/stm32f4xx_hal_cortex.o
                0x08001ba8                HAL_NVIC_EnableIRQ
 .text.HAL_NVIC_DisableIRQ
                0x08001bc4       0x1c ./Drivers/STM32F4xx_HAL_Driver/Src/stm32f4xx_hal_cortex.o
                0x08001bc4                HAL_NVIC_DisableIRQ
 .text.HAL_DMA_Init
                0x08001be0      0x15c ./Drivers/STM32F4xx_HAL_Driver/Src/stm32f4xx_hal_dma.o
                0x08001be0                HAL_DMA_Init
 .text.HAL_DMA_DeInit
                0x08001d3c       0xbc ./Drivers/STM32F4xx_HAL_Driver/Src/stm32f4xx_hal_dma.o
                0x08001d3c                HAL_DMA_DeInit
 .text.HAL_DMA_Start_IT
                0x08001df8       0xb0 ./Drivers/STM32F4xx_HAL_Driver/Src/stm32f4xx_hal_dma.o
                0x08001df8                HAL_DMA_Start_IT
 .text.HAL_DMA_Abort
                0x08001ea8       0xe0 ./Drivers/STM32F4xx_HAL_Driver/Src/stm32f4xx_hal_dma.o
                0x08001ea8                HAL_DMA_Abort
 .text.HAL_DMA_Abort_IT
                0x08001f88       0x44 ./Drivers/STM32F4xx_HAL_Driver/Src/stm32f4xx_hal_dma.o
                0x08001f88                HAL_DMA_Abort_IT
 .text.HAL_DMA_IRQHandler
                0x08001fcc      0x314 ./Drivers/STM32F4xx_HAL_Driver/Src/stm32f4xx_hal_dma.o
                0x08001fcc                HAL_DMA_IRQHandler
 .text.DMA_SetConfig
                0x080022e0       0x5c ./Drivers/STM32F4xx_HAL_Driver/Src/stm32f4xx_hal_dma.o
 .text.DMA_CalcBaseAndBitshift
                0x0800233c       0x6c ./Drivers/STM32F4xx_HAL_Driver/Src/stm32f4xx_hal_dma.o
 .text.DMA_CheckFifoParam
                0x080023a8       0xf8 ./Drivers/STM32F4xx_HAL_Driver/Src/stm32f4xx_hal_dma.o
 .text.HAL_GPIO_Init
                0x080024a0      0x328 ./Drivers/STM32F4xx_HAL_Driver/Src/stm32f4xx_hal_gpio.o
                0x080024a0                HAL_GPIO_Init
 .text.HAL_GPIO_DeInit
                0x080027c8      0x1e8 ./Drivers/STM32F4xx_HAL_Driver/Src/stm32f4xx_hal_gpio.o
                0x080027c8                HAL_GPIO_DeInit
 .text.HAL_GPIO_ReadPin
                0x080029b0       0x30 ./Drivers/STM32F4xx_HAL_Driver/Src/stm32f4xx_hal_gpio.o
                0x080029b0                HAL_GPIO_ReadPin
 .text.HAL_GPIO_WritePin
                0x080029e0       0x32 ./Drivers/STM32F4xx_HAL_Driver/Src/stm32f4xx_hal_gpio.o
                0x080029e0                HAL_GPIO_WritePin
 *fill*         0x08002a12        0x2 
 .text.HAL_I2C_Init
                0x08002a14      0x288 ./Drivers/STM32F4xx_HAL_Driver/Src/stm32f4xx_hal_i2c.o
                0x08002a14                HAL_I2C_Init
 .text.HAL_RCC_ClockConfig
                0x08002c9c      0x1cc ./Drivers/STM32F4xx_HAL_Driver/Src/stm32f4xx_hal_rcc.o
                0x08002c9c                HAL_RCC_ClockConfig
 .text.HAL_RCC_GetHCLKFreq
                0x08002e68       0x18 ./Drivers/STM32F4xx_HAL_Driver/Src/stm32f4xx_hal_rcc.o
                0x08002e68                HAL_RCC_GetHCLKFreq
 .text.HAL_RCC_GetPCLK1Freq
                0x08002e80       0x28 ./Drivers/STM32F4xx_HAL_Driver/Src/stm32f4xx_hal_rcc.o
                0x08002e80                HAL_RCC_GetPCLK1Freq
 .text.HAL_RCC_GetPCLK2Freq
                0x08002ea8       0x28 ./Drivers/STM32F4xx_HAL_Driver/Src/stm32f4xx_hal_rcc.o
                0x08002ea8                HAL_RCC_GetPCLK2Freq
 .text.HAL_RCC_GetClockConfig
                0x08002ed0       0x64 ./Drivers/STM32F4xx_HAL_Driver/Src/stm32f4xx_hal_rcc.o
                0x08002ed0                HAL_RCC_GetClockConfig
 .text.HAL_RCC_GetSysClockFreq
                0x08002f34      0x460 ./Drivers/STM32F4xx_HAL_Driver/Src/stm32f4xx_hal_rcc_ex.o
                0x08002f34                HAL_RCC_GetSysClockFreq
 .text.HAL_RCC_OscConfig
                0x08003394      0x53c ./Drivers/STM32F4xx_HAL_Driver/Src/stm32f4xx_hal_rcc_ex.o
                0x08003394                HAL_RCC_OscConfig
 .text.HAL_TIM_Base_Init
                0x080038d0       0x9e ./Drivers/STM32F4xx_HAL_Driver/Src/stm32f4xx_hal_tim.o
                0x080038d0                HAL_TIM_Base_Init
 .text.HAL_TIM_Base_MspInit
                0x0800396e       0x14 ./Drivers/STM32F4xx_HAL_Driver/Src/stm32f4xx_hal_tim.o
                0x0800396e                HAL_TIM_Base_MspInit
 *fill*         0x08003982        0x2 
 .text.HAL_TIM_Base_Start_IT
                0x08003984       0xe0 ./Drivers/STM32F4xx_HAL_Driver/Src/stm32f4xx_hal_tim.o
                0x08003984                HAL_TIM_Base_Start_IT
 .text.HAL_TIM_IRQHandler
                0x08003a64      0x1e0 ./Drivers/STM32F4xx_HAL_Driver/Src/stm32f4xx_hal_tim.o
                0x08003a64                HAL_TIM_IRQHandler
 .text.HAL_TIM_OC_DelayElapsedCallback
                0x08003c44       0x14 ./Drivers/STM32F4xx_HAL_Driver/Src/stm32f4xx_hal_tim.o
                0x08003c44                HAL_TIM_OC_DelayElapsedCallback
 .text.HAL_TIM_IC_CaptureCallback
                0x08003c58       0x14 ./Drivers/STM32F4xx_HAL_Driver/Src/stm32f4xx_hal_tim.o
                0x08003c58                HAL_TIM_IC_CaptureCallback
 .text.HAL_TIM_PWM_PulseFinishedCallback
                0x08003c6c       0x14 ./Drivers/STM32F4xx_HAL_Driver/Src/stm32f4xx_hal_tim.o
                0x08003c6c                HAL_TIM_PWM_PulseFinishedCallback
 .text.HAL_TIM_TriggerCallback
                0x08003c80       0x14 ./Drivers/STM32F4xx_HAL_Driver/Src/stm32f4xx_hal_tim.o
                0x08003c80                HAL_TIM_TriggerCallback
 .text.TIM_Base_SetConfig
                0x08003c94      0x14c ./Drivers/STM32F4xx_HAL_Driver/Src/stm32f4xx_hal_tim.o
                0x08003c94                TIM_Base_SetConfig
 .text.HAL_TIMEx_CommutCallback
                0x08003de0       0x14 ./Drivers/STM32F4xx_HAL_Driver/Src/stm32f4xx_hal_tim_ex.o
                0x08003de0                HAL_TIMEx_CommutCallback
 .text.HAL_TIMEx_BreakCallback
                0x08003df4       0x14 ./Drivers/STM32F4xx_HAL_Driver/Src/stm32f4xx_hal_tim_ex.o
                0x08003df4                HAL_TIMEx_BreakCallback
 .text.HAL_UART_Init
                0x08003e08       0xa0 ./Drivers/STM32F4xx_HAL_Driver/Src/stm32f4xx_hal_uart.o
                0x08003e08                HAL_UART_Init
 .text.HAL_UART_DeInit
                0x08003ea8       0x64 ./Drivers/STM32F4xx_HAL_Driver/Src/stm32f4xx_hal_uart.o
                0x08003ea8                HAL_UART_DeInit
 .text.HAL_UART_Transmit
                0x08003f0c      0x116 ./Drivers/STM32F4xx_HAL_Driver/Src/stm32f4xx_hal_uart.o
                0x08003f0c                HAL_UART_Transmit
 .text.HAL_UART_DMAStop
                0x08004022       0xfe ./Drivers/STM32F4xx_HAL_Driver/Src/stm32f4xx_hal_uart.o
                0x08004022                HAL_UART_DMAStop
 .text.HAL_UARTEx_ReceiveToIdle_DMA
                0x08004120       0xb2 ./Drivers/STM32F4xx_HAL_Driver/Src/stm32f4xx_hal_uart.o
                0x08004120                HAL_UARTEx_ReceiveToIdle_DMA
 *fill*         0x080041d2        0x2 
 .text.HAL_UART_IRQHandler
                0x080041d4      0x554 ./Drivers/STM32F4xx_HAL_Driver/Src/stm32f4xx_hal_uart.o
                0x080041d4                HAL_UART_IRQHandler
 .text.HAL_UART_TxCpltCallback
                0x08004728       0x14 ./Drivers/STM32F4xx_HAL_Driver/Src/stm32f4xx_hal_uart.o
                0x08004728                HAL_UART_TxCpltCallback
 .text.HAL_UART_RxCpltCallback
                0x0800473c       0x14 ./Drivers/STM32F4xx_HAL_Driver/Src/stm32f4xx_hal_uart.o
                0x0800473c                HAL_UART_RxCpltCallback
 .text.HAL_UART_RxHalfCpltCallback
                0x08004750       0x14 ./Drivers/STM32F4xx_HAL_Driver/Src/stm32f4xx_hal_uart.o
                0x08004750                HAL_UART_RxHalfCpltCallback
 .text.UART_DMAReceiveCplt
                0x08004764      0x12c ./Drivers/STM32F4xx_HAL_Driver/Src/stm32f4xx_hal_uart.o
 .text.UART_DMARxHalfCplt
                0x08004890       0x3c ./Drivers/STM32F4xx_HAL_Driver/Src/stm32f4xx_hal_uart.o
 .text.UART_DMAError
                0x080048cc       0x94 ./Drivers/STM32F4xx_HAL_Driver/Src/stm32f4xx_hal_uart.o
 .text.UART_WaitOnFlagUntilTimeout
                0x08004960       0xb2 ./Drivers/STM32F4xx_HAL_Driver/Src/stm32f4xx_hal_uart.o
 *fill*         0x08004a12        0x2 
 .text.UART_Start_Receive_DMA
                0x08004a14      0x14c ./Drivers/STM32F4xx_HAL_Driver/Src/stm32f4xx_hal_uart.o
                0x08004a14                UART_Start_Receive_DMA
 .text.UART_EndTxTransfer
                0x08004b60       0x50 ./Drivers/STM32F4xx_HAL_Driver/Src/stm32f4xx_hal_uart.o
 .text.UART_EndRxTransfer
                0x08004bb0       0xc6 ./Drivers/STM32F4xx_HAL_Driver/Src/stm32f4xx_hal_uart.o
 .text.UART_DMAAbortOnError
                0x08004c76       0x22 ./Drivers/STM32F4xx_HAL_Driver/Src/stm32f4xx_hal_uart.o
 .text.UART_Transmit_IT
                0x08004c98       0xa0 ./Drivers/STM32F4xx_HAL_Driver/Src/stm32f4xx_hal_uart.o
 .text.UART_EndTransmit_IT
                0x08004d38       0x30 ./Drivers/STM32F4xx_HAL_Driver/Src/stm32f4xx_hal_uart.o
 .text.UART_Receive_IT
                0x08004d68      0x17c ./Drivers/STM32F4xx_HAL_Driver/Src/stm32f4xx_hal_uart.o
 .text.UART_SetConfig
                0x08004ee4      0x4e8 ./Drivers/STM32F4xx_HAL_Driver/Src/stm32f4xx_hal_uart.o
 .text.delay_us
                0x080053cc       0x4c ./IOT_SDK/BSP/dht11.o
 .text.dht11_set_pin_output
                0x08005418       0x3c ./IOT_SDK/BSP/dht11.o
 .text.dht11_set_pin_input
                0x08005454       0x38 ./IOT_SDK/BSP/dht11.o
 .text.dht11_init
                0x0800548c       0x68 ./IOT_SDK/BSP/dht11.o
                0x0800548c                dht11_init
 .text.dht11_read
                0x080054f4      0x1f0 ./IOT_SDK/BSP/dht11.o
                0x080054f4                dht11_read
 .text.esp32_init
                0x080056e4       0xc8 ./IOT_SDK/BSP/esp32_at.o
                0x080056e4                esp32_init
 .text.esp32_join_ap
                0x080057ac       0x58 ./IOT_SDK/BSP/esp32_at.o
                0x080057ac                esp32_join_ap
 .text.esp32_config_sntp
                0x08005804       0x68 ./IOT_SDK/BSP/esp32_at.o
                0x08005804                esp32_config_sntp
 .text.esp32_get_sntp_time
                0x0800586c       0xe8 ./IOT_SDK/BSP/esp32_at.o
                0x0800586c                esp32_get_sntp_time
 .text.esp32_mqtt_configure
                0x08005954      0x15c ./IOT_SDK/BSP/esp32_at.o
                0x08005954                esp32_mqtt_configure
 .text.esp32_mqtt_connect_to_broker
                0x08005ab0       0x78 ./IOT_SDK/BSP/esp32_at.o
                0x08005ab0                esp32_mqtt_connect_to_broker
 .text.esp32_mqtt_subscribe
                0x08005b28       0x5c ./IOT_SDK/BSP/esp32_at.o
                0x08005b28                esp32_mqtt_subscribe
 .text.esp32_mqtt_publish
                0x08005b84       0xc0 ./IOT_SDK/BSP/esp32_at.o
                0x08005b84                esp32_mqtt_publish
 .text.esp32_recv_mqtt_data
                0x08005c44       0x70 ./IOT_SDK/BSP/esp32_at.o
                0x08005c44                esp32_recv_mqtt_data
 .text.recv_mqtt_data
                0x08005cb4      0x230 ./IOT_SDK/BSP/esp32_at.o
 .text.run_at_cmd
                0x08005ee4       0x90 ./IOT_SDK/BSP/esp32_at.o
 .text.esp32_io_init
                0x08005f74       0x4c ./IOT_SDK/BSP/esp32_at_io.o
                0x08005f74                esp32_io_init
 .text.esp32_io_send
                0x08005fc0       0x34 ./IOT_SDK/BSP/esp32_at_io.o
                0x08005fc0                esp32_io_send
 .text.esp32_io_recv
                0x08005ff4       0xa8 ./IOT_SDK/BSP/esp32_at_io.o
                0x08005ff4                esp32_io_recv
 .text.esp32_io_recv_nb
                0x0800609c       0xa4 ./IOT_SDK/BSP/esp32_at_io.o
                0x0800609c                esp32_io_recv_nb
 .text.HAL_UARTEx_RxEventCallback
                0x08006140       0x74 ./IOT_SDK/BSP/esp32_at_io.o
                0x08006140                HAL_UARTEx_RxEventCallback
 .text.HAL_UART_ErrorCallback
                0x080061b4       0x14 ./IOT_SDK/BSP/esp32_at_io.o
                0x080061b4                HAL_UART_ErrorCallback
 .text.esp32_io_error_handler
                0x080061c8       0x18 ./IOT_SDK/BSP/esp32_at_io.o
 .text.init_temperature_humidity_sensor
                0x080061e0       0x58 ./IOT_SDK/BSP/utils/sesnor_util.o
                0x080061e0                init_temperature_humidity_sensor
 .text.get_temperature_reading
                0x08006238       0x98 ./IOT_SDK/BSP/utils/sesnor_util.o
                0x08006238                get_temperature_reading
 .text.get_humidity_reading
                0x080062d0       0x74 ./IOT_SDK/BSP/utils/sesnor_util.o
                0x080062d0                get_humidity_reading
 .text.vApplicationGetTimerTaskMemory
                0x08006344       0x34 ./IOT_SDK/Thirdparty/FreeRTOS-Kernel/freertos_hooks.o
                0x08006344                vApplicationGetTimerTaskMemory
 .text.vApplicationGetIdleTaskMemory
                0x08006378       0x34 ./IOT_SDK/Thirdparty/FreeRTOS-Kernel/freertos_hooks.o
                0x08006378                vApplicationGetIdleTaskMemory
 .text.vListInitialise
                0x080063ac       0x40 ./IOT_SDK/Thirdparty/FreeRTOS-Kernel/list.o
                0x080063ac                vListInitialise
 .text.vListInitialiseItem
                0x080063ec       0x1a ./IOT_SDK/Thirdparty/FreeRTOS-Kernel/list.o
                0x080063ec                vListInitialiseItem
 .text.vListInsert
                0x08006406       0x72 ./IOT_SDK/Thirdparty/FreeRTOS-Kernel/list.o
                0x08006406                vListInsert
 .text.uxListRemove
                0x08006478       0x54 ./IOT_SDK/Thirdparty/FreeRTOS-Kernel/list.o
                0x08006478                uxListRemove
 .text.xQueueGenericReset
                0x080064cc      0x124 ./IOT_SDK/Thirdparty/FreeRTOS-Kernel/queue.o
                0x080064cc                xQueueGenericReset
 .text.xQueueGenericCreateStatic
                0x080065f0       0xc2 ./IOT_SDK/Thirdparty/FreeRTOS-Kernel/queue.o
                0x080065f0                xQueueGenericCreateStatic
 .text.xQueueGenericCreate
                0x080066b2       0xa6 ./IOT_SDK/Thirdparty/FreeRTOS-Kernel/queue.o
                0x080066b2                xQueueGenericCreate
 .text.prvInitialiseNewQueue
                0x08006758       0x3e ./IOT_SDK/Thirdparty/FreeRTOS-Kernel/queue.o
 *fill*         0x08006796        0x2 
 .text.xQueueGenericSend
                0x08006798      0x204 ./IOT_SDK/Thirdparty/FreeRTOS-Kernel/queue.o
                0x08006798                xQueueGenericSend
 .text.xQueueReceive
                0x0800699c      0x1c4 ./IOT_SDK/Thirdparty/FreeRTOS-Kernel/queue.o
                0x0800699c                xQueueReceive
 .text.prvCopyDataToQueue
                0x08006b60       0xd4 ./IOT_SDK/Thirdparty/FreeRTOS-Kernel/queue.o
 .text.prvCopyDataFromQueue
                0x08006c34       0x4c ./IOT_SDK/Thirdparty/FreeRTOS-Kernel/queue.o
 .text.prvUnlockQueue
                0x08006c80       0xa4 ./IOT_SDK/Thirdparty/FreeRTOS-Kernel/queue.o
 .text.prvIsQueueEmpty
                0x08006d24       0x2c ./IOT_SDK/Thirdparty/FreeRTOS-Kernel/queue.o
 .text.prvIsQueueFull
                0x08006d50       0x30 ./IOT_SDK/Thirdparty/FreeRTOS-Kernel/queue.o
 .text.vQueueWaitForMessageRestricted
                0x08006d80       0x68 ./IOT_SDK/Thirdparty/FreeRTOS-Kernel/queue.o
                0x08006d80                vQueueWaitForMessageRestricted
 .text.prvCreateStaticTask
                0x08006de8       0xc2 ./IOT_SDK/Thirdparty/FreeRTOS-Kernel/tasks.o
 .text.xTaskCreateStatic
                0x08006eaa       0x48 ./IOT_SDK/Thirdparty/FreeRTOS-Kernel/tasks.o
                0x08006eaa                xTaskCreateStatic
 .text.prvCreateTask
                0x08006ef2       0x80 ./IOT_SDK/Thirdparty/FreeRTOS-Kernel/tasks.o
 .text.xTaskCreate
                0x08006f72       0x46 ./IOT_SDK/Thirdparty/FreeRTOS-Kernel/tasks.o
                0x08006f72                xTaskCreate
 .text.prvInitialiseNewTask
                0x08006fb8      0x120 ./IOT_SDK/Thirdparty/FreeRTOS-Kernel/tasks.o
 .text.prvAddNewTaskToReadyList
                0x080070d8      0x128 ./IOT_SDK/Thirdparty/FreeRTOS-Kernel/tasks.o
 .text.vTaskDelay
                0x08007200       0x6c ./IOT_SDK/Thirdparty/FreeRTOS-Kernel/tasks.o
                0x08007200                vTaskDelay
 .text.prvCreateIdleTasks
                0x0800726c       0xd0 ./IOT_SDK/Thirdparty/FreeRTOS-Kernel/tasks.o
 .text.vTaskStartScheduler
                0x0800733c       0x88 ./IOT_SDK/Thirdparty/FreeRTOS-Kernel/tasks.o
                0x0800733c                vTaskStartScheduler
 .text.vTaskSuspendAll
                0x080073c4       0x1c ./IOT_SDK/Thirdparty/FreeRTOS-Kernel/tasks.o
                0x080073c4                vTaskSuspendAll
 .text.xTaskResumeAll
                0x080073e0      0x210 ./IOT_SDK/Thirdparty/FreeRTOS-Kernel/tasks.o
                0x080073e0                xTaskResumeAll
 .text.xTaskGetTickCount
                0x080075f0       0x20 ./IOT_SDK/Thirdparty/FreeRTOS-Kernel/tasks.o
                0x080075f0                xTaskGetTickCount
 .text.xTaskIncrementTick
                0x08007610      0x234 ./IOT_SDK/Thirdparty/FreeRTOS-Kernel/tasks.o
                0x08007610                xTaskIncrementTick
 .text.vTaskSwitchContext
                0x08007844       0xbc ./IOT_SDK/Thirdparty/FreeRTOS-Kernel/tasks.o
                0x08007844                vTaskSwitchContext
 .text.vTaskPlaceOnEventList
                0x08007900       0x4c ./IOT_SDK/Thirdparty/FreeRTOS-Kernel/tasks.o
                0x08007900                vTaskPlaceOnEventList
 .text.vTaskPlaceOnEventListRestricted
                0x0800794c       0x8c ./IOT_SDK/Thirdparty/FreeRTOS-Kernel/tasks.o
                0x0800794c                vTaskPlaceOnEventListRestricted
 .text.xTaskRemoveFromEventList
                0x080079d8      0x1b4 ./IOT_SDK/Thirdparty/FreeRTOS-Kernel/tasks.o
                0x080079d8                xTaskRemoveFromEventList
 .text.vTaskInternalSetTimeOutState
                0x08007b8c       0x2c ./IOT_SDK/Thirdparty/FreeRTOS-Kernel/tasks.o
                0x08007b8c                vTaskInternalSetTimeOutState
 .text.xTaskCheckForTimeOut
                0x08007bb8       0xf0 ./IOT_SDK/Thirdparty/FreeRTOS-Kernel/tasks.o
                0x08007bb8                xTaskCheckForTimeOut
 .text.vTaskMissedYield
                0x08007ca8       0x18 ./IOT_SDK/Thirdparty/FreeRTOS-Kernel/tasks.o
                0x08007ca8                vTaskMissedYield
 .text.prvIdleTask
                0x08007cc0       0x30 ./IOT_SDK/Thirdparty/FreeRTOS-Kernel/tasks.o
 .text.prvInitialiseTaskLists
                0x08007cf0       0x80 ./IOT_SDK/Thirdparty/FreeRTOS-Kernel/tasks.o
 .text.prvCheckTasksWaitingTermination
                0x08007d70       0x5c ./IOT_SDK/Thirdparty/FreeRTOS-Kernel/tasks.o
 .text.prvDeleteTCB
                0x08007dcc       0x60 ./IOT_SDK/Thirdparty/FreeRTOS-Kernel/tasks.o
 .text.prvResetNextTaskUnblockTime
                0x08007e2c       0x38 ./IOT_SDK/Thirdparty/FreeRTOS-Kernel/tasks.o
 .text.xTaskGetSchedulerState
                0x08007e64       0x3c ./IOT_SDK/Thirdparty/FreeRTOS-Kernel/tasks.o
                0x08007e64                xTaskGetSchedulerState
 .text.xTaskPriorityDisinherit
                0x08007ea0      0x150 ./IOT_SDK/Thirdparty/FreeRTOS-Kernel/tasks.o
                0x08007ea0                xTaskPriorityDisinherit
 .text.prvAddCurrentTaskToDelayedList
                0x08007ff0      0x10c ./IOT_SDK/Thirdparty/FreeRTOS-Kernel/tasks.o
 .text.xTimerCreateTimerTask
                0x080080fc       0x94 ./IOT_SDK/Thirdparty/FreeRTOS-Kernel/timers.o
                0x080080fc                xTimerCreateTimerTask
 .text.prvReloadTimer
                0x08008190       0x42 ./IOT_SDK/Thirdparty/FreeRTOS-Kernel/timers.o
 *fill*         0x080081d2        0x2 
 .text.prvProcessExpiredTimer
                0x080081d4       0x60 ./IOT_SDK/Thirdparty/FreeRTOS-Kernel/timers.o
 .text.prvTimerTask
                0x08008234       0x26 ./IOT_SDK/Thirdparty/FreeRTOS-Kernel/timers.o
 *fill*         0x0800825a        0x2 
 .text.prvProcessTimerOrBlockTask
                0x0800825c       0x9c ./IOT_SDK/Thirdparty/FreeRTOS-Kernel/timers.o
 .text.prvGetNextExpireTime
                0x080082f8       0x48 ./IOT_SDK/Thirdparty/FreeRTOS-Kernel/timers.o
 .text.prvSampleTimeNow
                0x08008340       0x40 ./IOT_SDK/Thirdparty/FreeRTOS-Kernel/timers.o
 .text.prvInsertTimerInActiveList
                0x08008380       0x84 ./IOT_SDK/Thirdparty/FreeRTOS-Kernel/timers.o
 .text.prvProcessReceivedCommands
                0x08008404      0x1c8 ./IOT_SDK/Thirdparty/FreeRTOS-Kernel/timers.o
 .text.prvSwitchTimerLists
                0x080085cc       0x4c ./IOT_SDK/Thirdparty/FreeRTOS-Kernel/timers.o
 .text.prvCheckForValidListAndQueue
                0x08008618       0x68 ./IOT_SDK/Thirdparty/FreeRTOS-Kernel/timers.o
 .text.pxPortInitialiseStack
                0x08008680       0x68 ./IOT_SDK/Thirdparty/FreeRTOS-Kernel/portable/GCC/ARM_CM4F/port.o
                0x08008680                pxPortInitialiseStack
 .text.prvTaskExitError
                0x080086e8       0x5c ./IOT_SDK/Thirdparty/FreeRTOS-Kernel/portable/GCC/ARM_CM4F/port.o
 *fill*         0x08008744        0xc 
 .text.SVC_Handler
                0x08008750       0x28 ./IOT_SDK/Thirdparty/FreeRTOS-Kernel/portable/GCC/ARM_CM4F/port.o
                0x08008750                SVC_Handler
 .text.prvPortStartFirstTask
                0x08008778       0x2c ./IOT_SDK/Thirdparty/FreeRTOS-Kernel/portable/GCC/ARM_CM4F/port.o
 .text.xPortStartScheduler
                0x080087a4      0x1e0 ./IOT_SDK/Thirdparty/FreeRTOS-Kernel/portable/GCC/ARM_CM4F/port.o
                0x080087a4                xPortStartScheduler
 .text.vPortEnterCritical
                0x08008984       0x64 ./IOT_SDK/Thirdparty/FreeRTOS-Kernel/portable/GCC/ARM_CM4F/port.o
                0x08008984                vPortEnterCritical
 .text.vPortExitCritical
                0x080089e8       0x54 ./IOT_SDK/Thirdparty/FreeRTOS-Kernel/portable/GCC/ARM_CM4F/port.o
                0x080089e8                vPortExitCritical
 *fill*         0x08008a3c        0x4 
 .text.PendSV_Handler
                0x08008a40       0x68 ./IOT_SDK/Thirdparty/FreeRTOS-Kernel/portable/GCC/ARM_CM4F/port.o
                0x08008a40                PendSV_Handler
 .text.SysTick_Handler
                0x08008aa8       0x44 ./IOT_SDK/Thirdparty/FreeRTOS-Kernel/portable/GCC/ARM_CM4F/port.o
                0x08008aa8                SysTick_Handler
 .text.vPortSetupTimerInterrupt
                0x08008aec       0x48 ./IOT_SDK/Thirdparty/FreeRTOS-Kernel/portable/GCC/ARM_CM4F/port.o
                0x08008aec                vPortSetupTimerInterrupt
 .text.vPortEnableVFP
                0x08008b34       0x18 ./IOT_SDK/Thirdparty/FreeRTOS-Kernel/portable/GCC/ARM_CM4F/port.o
 .text.pvPortMalloc
                0x08008b4c      0x264 ./IOT_SDK/Thirdparty/FreeRTOS-Kernel/portable/MemMang/heap_4.o
                0x08008b4c                pvPortMalloc
 .text.vPortFree
                0x08008db0       0xec ./IOT_SDK/Thirdparty/FreeRTOS-Kernel/portable/MemMang/heap_4.o
                0x08008db0                vPortFree
 .text.prvHeapInit
                0x08008e9c       0xb4 ./IOT_SDK/Thirdparty/FreeRTOS-Kernel/portable/MemMang/heap_4.o
 .text.prvInsertBlockIntoFreeList
                0x08008f50       0xf4 ./IOT_SDK/Thirdparty/FreeRTOS-Kernel/portable/MemMang/heap_4.o
 .text.mqtt_connect
                0x08009044       0xe8 ./IOT_SDK/mqtt_helper/mqtt_helper.o
                0x08009044                mqtt_connect
 .text.mqtt_publish
                0x0800912c       0x82 ./IOT_SDK/mqtt_helper/mqtt_helper.o
                0x0800912c                mqtt_publish
 .text.mqtt_subscribe
                0x080091ae       0x54 ./IOT_SDK/mqtt_helper/mqtt_helper.o
                0x080091ae                mqtt_subscribe
 *fill*         0x08009202        0x2 
 .text.__assert_func
                0x08009204       0x3c /Applications/STM32CubeIDE.app/Contents/Eclipse/plugins/com.st.stm32cube.ide.mcu.externaltools.gnu-tools-for-stm32.13.3.rel1.macos64_1.0.0.202411102158/tools/bin/../lib/gcc/arm-none-eabi/13.3.1/../../../../arm-none-eabi/lib/thumb/v7e-m+fp/hard/libc_nano.a(libc_a-assert.o)
                0x08009204                __assert_func
 .text.atoi     0x08009240        0x8 /Applications/STM32CubeIDE.app/Contents/Eclipse/plugins/com.st.stm32cube.ide.mcu.externaltools.gnu-tools-for-stm32.13.3.rel1.macos64_1.0.0.202411102158/tools/bin/../lib/gcc/arm-none-eabi/13.3.1/../../../../arm-none-eabi/lib/thumb/v7e-m+fp/hard/libc_nano.a(libc_a-atoi.o)
                0x08009240                atoi
 .text.__sfputc_r
                0x08009248       0x2e /Applications/STM32CubeIDE.app/Contents/Eclipse/plugins/com.st.stm32cube.ide.mcu.externaltools.gnu-tools-for-stm32.13.3.rel1.macos64_1.0.0.202411102158/tools/bin/../lib/gcc/arm-none-eabi/13.3.1/../../../../arm-none-eabi/lib/thumb/v7e-m+fp/hard/libc_nano.a(libc_a-nano-vfprintf.o)
 .text.__sfputs_r
                0x08009276       0x24 /Applications/STM32CubeIDE.app/Contents/Eclipse/plugins/com.st.stm32cube.ide.mcu.externaltools.gnu-tools-for-stm32.13.3.rel1.macos64_1.0.0.202411102158/tools/bin/../lib/gcc/arm-none-eabi/13.3.1/../../../../arm-none-eabi/lib/thumb/v7e-m+fp/hard/libc_nano.a(libc_a-nano-vfprintf.o)
                0x08009276                __sfputs_r
 *fill*         0x0800929a        0x2 
 .text._vfprintf_r
                0x0800929c      0x230 /Applications/STM32CubeIDE.app/Contents/Eclipse/plugins/com.st.stm32cube.ide.mcu.externaltools.gnu-tools-for-stm32.13.3.rel1.macos64_1.0.0.202411102158/tools/bin/../lib/gcc/arm-none-eabi/13.3.1/../../../../arm-none-eabi/lib/thumb/v7e-m+fp/hard/libc_nano.a(libc_a-nano-vfprintf.o)
                0x0800929c                _vfiprintf_r
                0x0800929c                _vfprintf_r
 .text.sbrk_aligned
                0x080094cc       0x44 /Applications/STM32CubeIDE.app/Contents/Eclipse/plugins/com.st.stm32cube.ide.mcu.externaltools.gnu-tools-for-stm32.13.3.rel1.macos64_1.0.0.202411102158/tools/bin/../lib/gcc/arm-none-eabi/13.3.1/../../../../arm-none-eabi/lib/thumb/v7e-m+fp/hard/libc_nano.a(libc_a-mallocr.o)
 .text._malloc_r
                0x08009510      0x100 /Applications/STM32CubeIDE.app/Contents/Eclipse/plugins/com.st.stm32cube.ide.mcu.externaltools.gnu-tools-for-stm32.13.3.rel1.macos64_1.0.0.202411102158/tools/bin/../lib/gcc/arm-none-eabi/13.3.1/../../../../arm-none-eabi/lib/thumb/v7e-m+fp/hard/libc_nano.a(libc_a-mallocr.o)
                0x08009510                _malloc_r
 .text._printf_common
                0x08009610       0xda /Applications/STM32CubeIDE.app/Contents/Eclipse/plugins/com.st.stm32cube.ide.mcu.externaltools.gnu-tools-for-stm32.13.3.rel1.macos64_1.0.0.202411102158/tools/bin/../lib/gcc/arm-none-eabi/13.3.1/../../../../arm-none-eabi/lib/thumb/v7e-m+fp/hard/libc_nano.a(libc_a-nano-vfprintf_i.o)
                0x08009610                _printf_common
 *fill*         0x080096ea        0x2 
 .text._printf_i
                0x080096ec      0x23c /Applications/STM32CubeIDE.app/Contents/Eclipse/plugins/com.st.stm32cube.ide.mcu.externaltools.gnu-tools-for-stm32.13.3.rel1.macos64_1.0.0.202411102158/tools/bin/../lib/gcc/arm-none-eabi/13.3.1/../../../../arm-none-eabi/lib/thumb/v7e-m+fp/hard/libc_nano.a(libc_a-nano-vfprintf_i.o)
                0x080096ec                _printf_i
 .text.__sflush_r
                0x08009928      0x108 /Applications/STM32CubeIDE.app/Contents/Eclipse/plugins/com.st.stm32cube.ide.mcu.externaltools.gnu-tools-for-stm32.13.3.rel1.macos64_1.0.0.202411102158/tools/bin/../lib/gcc/arm-none-eabi/13.3.1/../../../../arm-none-eabi/lib/thumb/v7e-m+fp/hard/libc_nano.a(libc_a-fflush.o)
                0x08009928                __sflush_r
 .text._fflush_r
                0x08009a30       0x50 /Applications/STM32CubeIDE.app/Contents/Eclipse/plugins/com.st.stm32cube.ide.mcu.externaltools.gnu-tools-for-stm32.13.3.rel1.macos64_1.0.0.202411102158/tools/bin/../lib/gcc/arm-none-eabi/13.3.1/../../../../arm-none-eabi/lib/thumb/v7e-m+fp/hard/libc_nano.a(libc_a-fflush.o)
                0x08009a30                _fflush_r
 .text.snprintf
                0x08009a80       0x6c /Applications/STM32CubeIDE.app/Contents/Eclipse/plugins/com.st.stm32cube.ide.mcu.externaltools.gnu-tools-for-stm32.13.3.rel1.macos64_1.0.0.202411102158/tools/bin/../lib/gcc/arm-none-eabi/13.3.1/../../../../arm-none-eabi/lib/thumb/v7e-m+fp/hard/libc_nano.a(libc_a-snprintf.o)
                0x08009a80                snprintf
                0x08009a80                sniprintf
 .text.__malloc_lock
                0x08009aec        0xc /Applications/STM32CubeIDE.app/Contents/Eclipse/plugins/com.st.stm32cube.ide.mcu.externaltools.gnu-tools-for-stm32.13.3.rel1.macos64_1.0.0.202411102158/tools/bin/../lib/gcc/arm-none-eabi/13.3.1/../../../../arm-none-eabi/lib/thumb/v7e-m+fp/hard/libc_nano.a(libc_a-mlock.o)
                0x08009aec                __malloc_lock
 .text.__malloc_unlock
                0x08009af8        0xc /Applications/STM32CubeIDE.app/Contents/Eclipse/plugins/com.st.stm32cube.ide.mcu.externaltools.gnu-tools-for-stm32.13.3.rel1.macos64_1.0.0.202411102158/tools/bin/../lib/gcc/arm-none-eabi/13.3.1/../../../../arm-none-eabi/lib/thumb/v7e-m+fp/hard/libc_nano.a(libc_a-mlock.o)
                0x08009af8                __malloc_unlock
 .text.sprintf  0x08009b04       0x44 /Applications/STM32CubeIDE.app/Contents/Eclipse/plugins/com.st.stm32cube.ide.mcu.externaltools.gnu-tools-for-stm32.13.3.rel1.macos64_1.0.0.202411102158/tools/bin/../lib/gcc/arm-none-eabi/13.3.1/../../../../arm-none-eabi/lib/thumb/v7e-m+fp/hard/libc_nano.a(libc_a-sprintf.o)
                0x08009b04                sprintf
                0x08009b04                siprintf
 .text.sscanf   0x08009b48       0x58 /Applications/STM32CubeIDE.app/Contents/Eclipse/plugins/com.st.stm32cube.ide.mcu.externaltools.gnu-tools-for-stm32.13.3.rel1.macos64_1.0.0.202411102158/tools/bin/../lib/gcc/arm-none-eabi/13.3.1/../../../../arm-none-eabi/lib/thumb/v7e-m+fp/hard/libc_nano.a(libc_a-sscanf.o)
                0x08009b48                sscanf
                0x08009b48                siscanf
 .text.__sread  0x08009ba0       0x22 /Applications/STM32CubeIDE.app/Contents/Eclipse/plugins/com.st.stm32cube.ide.mcu.externaltools.gnu-tools-for-stm32.13.3.rel1.macos64_1.0.0.202411102158/tools/bin/../lib/gcc/arm-none-eabi/13.3.1/../../../../arm-none-eabi/lib/thumb/v7e-m+fp/hard/libc_nano.a(libc_a-stdio.o)
                0x08009ba0                __sread
 .text.__seofread
                0x08009bc2        0x4 /Applications/STM32CubeIDE.app/Contents/Eclipse/plugins/com.st.stm32cube.ide.mcu.externaltools.gnu-tools-for-stm32.13.3.rel1.macos64_1.0.0.202411102158/tools/bin/../lib/gcc/arm-none-eabi/13.3.1/../../../../arm-none-eabi/lib/thumb/v7e-m+fp/hard/libc_nano.a(libc_a-stdio.o)
                0x08009bc2                __seofread
 .text.__swrite
                0x08009bc6       0x38 /Applications/STM32CubeIDE.app/Contents/Eclipse/plugins/com.st.stm32cube.ide.mcu.externaltools.gnu-tools-for-stm32.13.3.rel1.macos64_1.0.0.202411102158/tools/bin/../lib/gcc/arm-none-eabi/13.3.1/../../../../arm-none-eabi/lib/thumb/v7e-m+fp/hard/libc_nano.a(libc_a-stdio.o)
                0x08009bc6                __swrite
 .text.__sseek  0x08009bfe       0x24 /Applications/STM32CubeIDE.app/Contents/Eclipse/plugins/com.st.stm32cube.ide.mcu.externaltools.gnu-tools-for-stm32.13.3.rel1.macos64_1.0.0.202411102158/tools/bin/../lib/gcc/arm-none-eabi/13.3.1/../../../../arm-none-eabi/lib/thumb/v7e-m+fp/hard/libc_nano.a(libc_a-stdio.o)
                0x08009bfe                __sseek
 .text.__sclose
                0x08009c22        0x8 /Applications/STM32CubeIDE.app/Contents/Eclipse/plugins/com.st.stm32cube.ide.mcu.externaltools.gnu-tools-for-stm32.13.3.rel1.macos64_1.0.0.202411102158/tools/bin/../lib/gcc/arm-none-eabi/13.3.1/../../../../arm-none-eabi/lib/thumb/v7e-m+fp/hard/libc_nano.a(libc_a-stdio.o)
                0x08009c22                __sclose
 *fill*         0x08009c2a        0x2 
 .text.std      0x08009c2c       0x6c /Applications/STM32CubeIDE.app/Contents/Eclipse/plugins/com.st.stm32cube.ide.mcu.externaltools.gnu-tools-for-stm32.13.3.rel1.macos64_1.0.0.202411102158/tools/bin/../lib/gcc/arm-none-eabi/13.3.1/../../../../arm-none-eabi/lib/thumb/v7e-m+fp/hard/libc_nano.a(libc_a-findfp.o)
 .text.stdio_exit_handler
                0x08009c98       0x18 /Applications/STM32CubeIDE.app/Contents/Eclipse/plugins/com.st.stm32cube.ide.mcu.externaltools.gnu-tools-for-stm32.13.3.rel1.macos64_1.0.0.202411102158/tools/bin/../lib/gcc/arm-none-eabi/13.3.1/../../../../arm-none-eabi/lib/thumb/v7e-m+fp/hard/libc_nano.a(libc_a-findfp.o)
 .text.cleanup_stdio
                0x08009cb0       0x40 /Applications/STM32CubeIDE.app/Contents/Eclipse/plugins/com.st.stm32cube.ide.mcu.externaltools.gnu-tools-for-stm32.13.3.rel1.macos64_1.0.0.202411102158/tools/bin/../lib/gcc/arm-none-eabi/13.3.1/../../../../arm-none-eabi/lib/thumb/v7e-m+fp/hard/libc_nano.a(libc_a-findfp.o)
 .text.global_stdio_init.part.0
                0x08009cf0       0x3c /Applications/STM32CubeIDE.app/Contents/Eclipse/plugins/com.st.stm32cube.ide.mcu.externaltools.gnu-tools-for-stm32.13.3.rel1.macos64_1.0.0.202411102158/tools/bin/../lib/gcc/arm-none-eabi/13.3.1/../../../../arm-none-eabi/lib/thumb/v7e-m+fp/hard/libc_nano.a(libc_a-findfp.o)
 .text.__sfp_lock_acquire
                0x08009d2c        0xc /Applications/STM32CubeIDE.app/Contents/Eclipse/plugins/com.st.stm32cube.ide.mcu.externaltools.gnu-tools-for-stm32.13.3.rel1.macos64_1.0.0.202411102158/tools/bin/../lib/gcc/arm-none-eabi/13.3.1/../../../../arm-none-eabi/lib/thumb/v7e-m+fp/hard/libc_nano.a(libc_a-findfp.o)
                0x08009d2c                __sfp_lock_acquire
 .text.__sfp_lock_release
                0x08009d38        0xc /Applications/STM32CubeIDE.app/Contents/Eclipse/plugins/com.st.stm32cube.ide.mcu.externaltools.gnu-tools-for-stm32.13.3.rel1.macos64_1.0.0.202411102158/tools/bin/../lib/gcc/arm-none-eabi/13.3.1/../../../../arm-none-eabi/lib/thumb/v7e-m+fp/hard/libc_nano.a(libc_a-findfp.o)
                0x08009d38                __sfp_lock_release
 .text.__sinit  0x08009d44       0x30 /Applications/STM32CubeIDE.app/Contents/Eclipse/plugins/com.st.stm32cube.ide.mcu.externaltools.gnu-tools-for-stm32.13.3.rel1.macos64_1.0.0.202411102158/tools/bin/../lib/gcc/arm-none-eabi/13.3.1/../../../../arm-none-eabi/lib/thumb/v7e-m+fp/hard/libc_nano.a(libc_a-findfp.o)
                0x08009d44                __sinit
 .text.fprintf  0x08009d74       0x24 /Applications/STM32CubeIDE.app/Contents/Eclipse/plugins/com.st.stm32cube.ide.mcu.externaltools.gnu-tools-for-stm32.13.3.rel1.macos64_1.0.0.202411102158/tools/bin/../lib/gcc/arm-none-eabi/13.3.1/../../../../arm-none-eabi/lib/thumb/v7e-m+fp/hard/libc_nano.a(libc_a-fprintf.o)
                0x08009d74                fprintf
                0x08009d74                fiprintf
 .text.__swbuf_r
                0x08009d98       0x7c /Applications/STM32CubeIDE.app/Contents/Eclipse/plugins/com.st.stm32cube.ide.mcu.externaltools.gnu-tools-for-stm32.13.3.rel1.macos64_1.0.0.202411102158/tools/bin/../lib/gcc/arm-none-eabi/13.3.1/../../../../arm-none-eabi/lib/thumb/v7e-m+fp/hard/libc_nano.a(libc_a-wbuf.o)
                0x08009d98                __swbuf_r
 .text._strtol_l.isra.0
                0x08009e14       0xf4 /Applications/STM32CubeIDE.app/Contents/Eclipse/plugins/com.st.stm32cube.ide.mcu.externaltools.gnu-tools-for-stm32.13.3.rel1.macos64_1.0.0.202411102158/tools/bin/../lib/gcc/arm-none-eabi/13.3.1/../../../../arm-none-eabi/lib/thumb/v7e-m+fp/hard/libc_nano.a(libc_a-strtol.o)
 .text._strtol_r
                0x08009f08        0x4 /Applications/STM32CubeIDE.app/Contents/Eclipse/plugins/com.st.stm32cube.ide.mcu.externaltools.gnu-tools-for-stm32.13.3.rel1.macos64_1.0.0.202411102158/tools/bin/../lib/gcc/arm-none-eabi/13.3.1/../../../../arm-none-eabi/lib/thumb/v7e-m+fp/hard/libc_nano.a(libc_a-strtol.o)
                0x08009f08                _strtol_r
 .text.strtol   0x08009f0c       0x14 /Applications/STM32CubeIDE.app/Contents/Eclipse/plugins/com.st.stm32cube.ide.mcu.externaltools.gnu-tools-for-stm32.13.3.rel1.macos64_1.0.0.202411102158/tools/bin/../lib/gcc/arm-none-eabi/13.3.1/../../../../arm-none-eabi/lib/thumb/v7e-m+fp/hard/libc_nano.a(libc_a-strtol.o)
                0x08009f0c                strtol
 .text.__swsetup_r
                0x08009f20       0xac /Applications/STM32CubeIDE.app/Contents/Eclipse/plugins/com.st.stm32cube.ide.mcu.externaltools.gnu-tools-for-stm32.13.3.rel1.macos64_1.0.0.202411102158/tools/bin/../lib/gcc/arm-none-eabi/13.3.1/../../../../arm-none-eabi/lib/thumb/v7e-m+fp/hard/libc_nano.a(libc_a-wsetup.o)
                0x08009f20                __swsetup_r
 .text._fwalk_sglue
                0x08009fcc       0x3c /Applications/STM32CubeIDE.app/Contents/Eclipse/plugins/com.st.stm32cube.ide.mcu.externaltools.gnu-tools-for-stm32.13.3.rel1.macos64_1.0.0.202411102158/tools/bin/../lib/gcc/arm-none-eabi/13.3.1/../../../../arm-none-eabi/lib/thumb/v7e-m+fp/hard/libc_nano.a(libc_a-fwalk.o)
                0x08009fcc                _fwalk_sglue
 .text.__swhatbuf_r
                0x0800a008       0x4c /Applications/STM32CubeIDE.app/Contents/Eclipse/plugins/com.st.stm32cube.ide.mcu.externaltools.gnu-tools-for-stm32.13.3.rel1.macos64_1.0.0.202411102158/tools/bin/../lib/gcc/arm-none-eabi/13.3.1/../../../../arm-none-eabi/lib/thumb/v7e-m+fp/hard/libc_nano.a(libc_a-makebuf.o)
                0x0800a008                __swhatbuf_r
 .text.__smakebuf_r
                0x0800a054       0x78 /Applications/STM32CubeIDE.app/Contents/Eclipse/plugins/com.st.stm32cube.ide.mcu.externaltools.gnu-tools-for-stm32.13.3.rel1.macos64_1.0.0.202411102158/tools/bin/../lib/gcc/arm-none-eabi/13.3.1/../../../../arm-none-eabi/lib/thumb/v7e-m+fp/hard/libc_nano.a(libc_a-makebuf.o)
                0x0800a054                __smakebuf_r
 .text.printf   0x0800a0cc       0x24 /Applications/STM32CubeIDE.app/Contents/Eclipse/plugins/com.st.stm32cube.ide.mcu.externaltools.gnu-tools-for-stm32.13.3.rel1.macos64_1.0.0.202411102158/tools/bin/../lib/gcc/arm-none-eabi/13.3.1/../../../../arm-none-eabi/lib/thumb/v7e-m+fp/hard/libc_nano.a(libc_a-printf.o)
                0x0800a0cc                printf
                0x0800a0cc                iprintf
 .text._puts_r  0x0800a0f0       0xaa /Applications/STM32CubeIDE.app/Contents/Eclipse/plugins/com.st.stm32cube.ide.mcu.externaltools.gnu-tools-for-stm32.13.3.rel1.macos64_1.0.0.202411102158/tools/bin/../lib/gcc/arm-none-eabi/13.3.1/../../../../arm-none-eabi/lib/thumb/v7e-m+fp/hard/libc_nano.a(libc_a-puts.o)
                0x0800a0f0                _puts_r
 *fill*         0x0800a19a        0x2 
 .text.puts     0x0800a19c       0x10 /Applications/STM32CubeIDE.app/Contents/Eclipse/plugins/com.st.stm32cube.ide.mcu.externaltools.gnu-tools-for-stm32.13.3.rel1.macos64_1.0.0.202411102158/tools/bin/../lib/gcc/arm-none-eabi/13.3.1/../../../../arm-none-eabi/lib/thumb/v7e-m+fp/hard/libc_nano.a(libc_a-puts.o)
                0x0800a19c                puts
 .text.memmove  0x0800a1ac       0x34 /Applications/STM32CubeIDE.app/Contents/Eclipse/plugins/com.st.stm32cube.ide.mcu.externaltools.gnu-tools-for-stm32.13.3.rel1.macos64_1.0.0.202411102158/tools/bin/../lib/gcc/arm-none-eabi/13.3.1/../../../../arm-none-eabi/lib/thumb/v7e-m+fp/hard/libc_nano.a(libc_a-memmove.o)
                0x0800a1ac                memmove
 .text.memset   0x0800a1e0       0x10 /Applications/STM32CubeIDE.app/Contents/Eclipse/plugins/com.st.stm32cube.ide.mcu.externaltools.gnu-tools-for-stm32.13.3.rel1.macos64_1.0.0.202411102158/tools/bin/../lib/gcc/arm-none-eabi/13.3.1/../../../../arm-none-eabi/lib/thumb/v7e-m+fp/hard/libc_nano.a(libc_a-memset.o)
                0x0800a1e0                memset
 .text.strstr   0x0800a1f0       0x2c /Applications/STM32CubeIDE.app/Contents/Eclipse/plugins/com.st.stm32cube.ide.mcu.externaltools.gnu-tools-for-stm32.13.3.rel1.macos64_1.0.0.202411102158/tools/bin/../lib/gcc/arm-none-eabi/13.3.1/../../../../arm-none-eabi/lib/thumb/v7e-m+fp/hard/libc_nano.a(libc_a-strstr.o)
                0x0800a1f0                strstr
 .text._isatty_r
                0x0800a21c       0x20 /Applications/STM32CubeIDE.app/Contents/Eclipse/plugins/com.st.stm32cube.ide.mcu.externaltools.gnu-tools-for-stm32.13.3.rel1.macos64_1.0.0.202411102158/tools/bin/../lib/gcc/arm-none-eabi/13.3.1/../../../../arm-none-eabi/lib/thumb/v7e-m+fp/hard/libc_nano.a(libc_a-isattyr.o)
                0x0800a21c                _isatty_r
 .text._lseek_r
                0x0800a23c       0x24 /Applications/STM32CubeIDE.app/Contents/Eclipse/plugins/com.st.stm32cube.ide.mcu.externaltools.gnu-tools-for-stm32.13.3.rel1.macos64_1.0.0.202411102158/tools/bin/../lib/gcc/arm-none-eabi/13.3.1/../../../../arm-none-eabi/lib/thumb/v7e-m+fp/hard/libc_nano.a(libc_a-lseekr.o)
                0x0800a23c                _lseek_r
 .text._read_r  0x0800a260       0x24 /Applications/STM32CubeIDE.app/Contents/Eclipse/plugins/com.st.stm32cube.ide.mcu.externaltools.gnu-tools-for-stm32.13.3.rel1.macos64_1.0.0.202411102158/tools/bin/../lib/gcc/arm-none-eabi/13.3.1/../../../../arm-none-eabi/lib/thumb/v7e-m+fp/hard/libc_nano.a(libc_a-readr.o)
                0x0800a260                _read_r
 .text._sbrk_r  0x0800a284       0x20 /Applications/STM32CubeIDE.app/Contents/Eclipse/plugins/com.st.stm32cube.ide.mcu.externaltools.gnu-tools-for-stm32.13.3.rel1.macos64_1.0.0.202411102158/tools/bin/../lib/gcc/arm-none-eabi/13.3.1/../../../../arm-none-eabi/lib/thumb/v7e-m+fp/hard/libc_nano.a(libc_a-sbrkr.o)
                0x0800a284                _sbrk_r
 .text._write_r
                0x0800a2a4       0x24 /Applications/STM32CubeIDE.app/Contents/Eclipse/plugins/com.st.stm32cube.ide.mcu.externaltools.gnu-tools-for-stm32.13.3.rel1.macos64_1.0.0.202411102158/tools/bin/../lib/gcc/arm-none-eabi/13.3.1/../../../../arm-none-eabi/lib/thumb/v7e-m+fp/hard/libc_nano.a(libc_a-writer.o)
                0x0800a2a4                _write_r
 .text.__errno  0x0800a2c8        0xc /Applications/STM32CubeIDE.app/Contents/Eclipse/plugins/com.st.stm32cube.ide.mcu.externaltools.gnu-tools-for-stm32.13.3.rel1.macos64_1.0.0.202411102158/tools/bin/../lib/gcc/arm-none-eabi/13.3.1/../../../../arm-none-eabi/lib/thumb/v7e-m+fp/hard/libc_nano.a(libc_a-errno.o)
                0x0800a2c8                __errno
 .text.__libc_init_array
                0x0800a2d4       0x48 /Applications/STM32CubeIDE.app/Contents/Eclipse/plugins/com.st.stm32cube.ide.mcu.externaltools.gnu-tools-for-stm32.13.3.rel1.macos64_1.0.0.202411102158/tools/bin/../lib/gcc/arm-none-eabi/13.3.1/../../../../arm-none-eabi/lib/thumb/v7e-m+fp/hard/libc_nano.a(libc_a-init.o)
                0x0800a2d4                __libc_init_array
 .text.__retarget_lock_init_recursive
                0x0800a31c        0x2 /Applications/STM32CubeIDE.app/Contents/Eclipse/plugins/com.st.stm32cube.ide.mcu.externaltools.gnu-tools-for-stm32.13.3.rel1.macos64_1.0.0.202411102158/tools/bin/../lib/gcc/arm-none-eabi/13.3.1/../../../../arm-none-eabi/lib/thumb/v7e-m+fp/hard/libc_nano.a(libc_a-lock.o)
                0x0800a31c                __retarget_lock_init_recursive
 .text.__retarget_lock_acquire_recursive
                0x0800a31e        0x2 /Applications/STM32CubeIDE.app/Contents/Eclipse/plugins/com.st.stm32cube.ide.mcu.externaltools.gnu-tools-for-stm32.13.3.rel1.macos64_1.0.0.202411102158/tools/bin/../lib/gcc/arm-none-eabi/13.3.1/../../../../arm-none-eabi/lib/thumb/v7e-m+fp/hard/libc_nano.a(libc_a-lock.o)
                0x0800a31e                __retarget_lock_acquire_recursive
 .text.__retarget_lock_release_recursive
                0x0800a320        0x2 /Applications/STM32CubeIDE.app/Contents/Eclipse/plugins/com.st.stm32cube.ide.mcu.externaltools.gnu-tools-for-stm32.13.3.rel1.macos64_1.0.0.202411102158/tools/bin/../lib/gcc/arm-none-eabi/13.3.1/../../../../arm-none-eabi/lib/thumb/v7e-m+fp/hard/libc_nano.a(libc_a-lock.o)
                0x0800a320                __retarget_lock_release_recursive
 *fill*         0x0800a322        0x2 
 .text._close_r
                0x0800a324       0x20 /Applications/STM32CubeIDE.app/Contents/Eclipse/plugins/com.st.stm32cube.ide.mcu.externaltools.gnu-tools-for-stm32.13.3.rel1.macos64_1.0.0.202411102158/tools/bin/../lib/gcc/arm-none-eabi/13.3.1/../../../../arm-none-eabi/lib/thumb/v7e-m+fp/hard/libc_nano.a(libc_a-closer.o)
                0x0800a324                _close_r
 .text._fstat_r
                0x0800a344       0x24 /Applications/STM32CubeIDE.app/Contents/Eclipse/plugins/com.st.stm32cube.ide.mcu.externaltools.gnu-tools-for-stm32.13.3.rel1.macos64_1.0.0.202411102158/tools/bin/../lib/gcc/arm-none-eabi/13.3.1/../../../../arm-none-eabi/lib/thumb/v7e-m+fp/hard/libc_nano.a(libc_a-fstatr.o)
                0x0800a344                _fstat_r
 .text.memcpy   0x0800a368       0x1c /Applications/STM32CubeIDE.app/Contents/Eclipse/plugins/com.st.stm32cube.ide.mcu.externaltools.gnu-tools-for-stm32.13.3.rel1.macos64_1.0.0.202411102158/tools/bin/../lib/gcc/arm-none-eabi/13.3.1/../../../../arm-none-eabi/lib/thumb/v7e-m+fp/hard/libc_nano.a(libc_a-memcpy-stub.o)
                0x0800a368                memcpy
 .text.abort    0x0800a384        0xe /Applications/STM32CubeIDE.app/Contents/Eclipse/plugins/com.st.stm32cube.ide.mcu.externaltools.gnu-tools-for-stm32.13.3.rel1.macos64_1.0.0.202411102158/tools/bin/../lib/gcc/arm-none-eabi/13.3.1/../../../../arm-none-eabi/lib/thumb/v7e-m+fp/hard/libc_nano.a(libc_a-abort.o)
                0x0800a384                abort
 *fill*         0x0800a392        0x2 
 .text._free_r  0x0800a394       0x94 /Applications/STM32CubeIDE.app/Contents/Eclipse/plugins/com.st.stm32cube.ide.mcu.externaltools.gnu-tools-for-stm32.13.3.rel1.macos64_1.0.0.202411102158/tools/bin/../lib/gcc/arm-none-eabi/13.3.1/../../../../arm-none-eabi/lib/thumb/v7e-m+fp/hard/libc_nano.a(libc_a-freer.o)
                0x0800a394                _free_r
 .text.__ssputs_r
                0x0800a428       0xb6 /Applications/STM32CubeIDE.app/Contents/Eclipse/plugins/com.st.stm32cube.ide.mcu.externaltools.gnu-tools-for-stm32.13.3.rel1.macos64_1.0.0.202411102158/tools/bin/../lib/gcc/arm-none-eabi/13.3.1/../../../../arm-none-eabi/lib/thumb/v7e-m+fp/hard/libc_nano.a(libc_a-nano-svfprintf.o)
                0x0800a428                __ssputs_r
 *fill*         0x0800a4de        0x2 
 .text._svfprintf_r
                0x0800a4e0      0x1f8 /Applications/STM32CubeIDE.app/Contents/Eclipse/plugins/com.st.stm32cube.ide.mcu.externaltools.gnu-tools-for-stm32.13.3.rel1.macos64_1.0.0.202411102158/tools/bin/../lib/gcc/arm-none-eabi/13.3.1/../../../../arm-none-eabi/lib/thumb/v7e-m+fp/hard/libc_nano.a(libc_a-nano-svfprintf.o)
                0x0800a4e0                _svfprintf_r
                0x0800a4e0                _svfiprintf_r
 .text._sungetc_r
                0x0800a6d8       0x7a /Applications/STM32CubeIDE.app/Contents/Eclipse/plugins/com.st.stm32cube.ide.mcu.externaltools.gnu-tools-for-stm32.13.3.rel1.macos64_1.0.0.202411102158/tools/bin/../lib/gcc/arm-none-eabi/13.3.1/../../../../arm-none-eabi/lib/thumb/v7e-m+fp/hard/libc_nano.a(libc_a-nano-svfscanf.o)
                0x0800a6d8                _sungetc_r
 .text.__ssrefill_r
                0x0800a752       0x3a /Applications/STM32CubeIDE.app/Contents/Eclipse/plugins/com.st.stm32cube.ide.mcu.externaltools.gnu-tools-for-stm32.13.3.rel1.macos64_1.0.0.202411102158/tools/bin/../lib/gcc/arm-none-eabi/13.3.1/../../../../arm-none-eabi/lib/thumb/v7e-m+fp/hard/libc_nano.a(libc_a-nano-svfscanf.o)
                0x0800a752                __ssrefill_r
 .text.__ssvfscanf_r
                0x0800a78c      0x2ec /Applications/STM32CubeIDE.app/Contents/Eclipse/plugins/com.st.stm32cube.ide.mcu.externaltools.gnu-tools-for-stm32.13.3.rel1.macos64_1.0.0.202411102158/tools/bin/../lib/gcc/arm-none-eabi/13.3.1/../../../../arm-none-eabi/lib/thumb/v7e-m+fp/hard/libc_nano.a(libc_a-nano-svfscanf.o)
                0x0800a78c                __ssvfscanf_r
                0x0800a78c                __ssvfiscanf_r
 .text._scanf_chars
                0x0800aa78       0xb4 /Applications/STM32CubeIDE.app/Contents/Eclipse/plugins/com.st.stm32cube.ide.mcu.externaltools.gnu-tools-for-stm32.13.3.rel1.macos64_1.0.0.202411102158/tools/bin/../lib/gcc/arm-none-eabi/13.3.1/../../../../arm-none-eabi/lib/thumb/v7e-m+fp/hard/libc_nano.a(libc_a-nano-vfscanf_i.o)
                0x0800aa78                _scanf_chars
 .text._scanf_i
                0x0800ab2c      0x1e8 /Applications/STM32CubeIDE.app/Contents/Eclipse/plugins/com.st.stm32cube.ide.mcu.externaltools.gnu-tools-for-stm32.13.3.rel1.macos64_1.0.0.202411102158/tools/bin/../lib/gcc/arm-none-eabi/13.3.1/../../../../arm-none-eabi/lib/thumb/v7e-m+fp/hard/libc_nano.a(libc_a-nano-vfscanf_i.o)
                0x0800ab2c                _scanf_i
 .text.__sccl   0x0800ad14       0x72 /Applications/STM32CubeIDE.app/Contents/Eclipse/plugins/com.st.stm32cube.ide.mcu.externaltools.gnu-tools-for-stm32.13.3.rel1.macos64_1.0.0.202411102158/tools/bin/../lib/gcc/arm-none-eabi/13.3.1/../../../../arm-none-eabi/lib/thumb/v7e-m+fp/hard/libc_nano.a(libc_a-sccl.o)
                0x0800ad14                __sccl
 .text.__submore
                0x0800ad86       0x74 /Applications/STM32CubeIDE.app/Contents/Eclipse/plugins/com.st.stm32cube.ide.mcu.externaltools.gnu-tools-for-stm32.13.3.rel1.macos64_1.0.0.202411102158/tools/bin/../lib/gcc/arm-none-eabi/13.3.1/../../../../arm-none-eabi/lib/thumb/v7e-m+fp/hard/libc_nano.a(libc_a-ungetc.o)
                0x0800ad86                __submore
 .text._realloc_r
                0x0800adfa       0x5c /Applications/STM32CubeIDE.app/Contents/Eclipse/plugins/com.st.stm32cube.ide.mcu.externaltools.gnu-tools-for-stm32.13.3.rel1.macos64_1.0.0.202411102158/tools/bin/../lib/gcc/arm-none-eabi/13.3.1/../../../../arm-none-eabi/lib/thumb/v7e-m+fp/hard/libc_nano.a(libc_a-reallocr.o)
                0x0800adfa                _realloc_r
 *fill*         0x0800ae56        0x2 
 .text._strtoul_l.isra.0
                0x0800ae58       0xdc /Applications/STM32CubeIDE.app/Contents/Eclipse/plugins/com.st.stm32cube.ide.mcu.externaltools.gnu-tools-for-stm32.13.3.rel1.macos64_1.0.0.202411102158/tools/bin/../lib/gcc/arm-none-eabi/13.3.1/../../../../arm-none-eabi/lib/thumb/v7e-m+fp/hard/libc_nano.a(libc_a-strtoul.o)
 .text._strtoul_r
                0x0800af34        0x4 /Applications/STM32CubeIDE.app/Contents/Eclipse/plugins/com.st.stm32cube.ide.mcu.externaltools.gnu-tools-for-stm32.13.3.rel1.macos64_1.0.0.202411102158/tools/bin/../lib/gcc/arm-none-eabi/13.3.1/../../../../arm-none-eabi/lib/thumb/v7e-m+fp/hard/libc_nano.a(libc_a-strtoul.o)
                0x0800af34                _strtoul_r
 .text._raise_r
                0x0800af38       0x50 /Applications/STM32CubeIDE.app/Contents/Eclipse/plugins/com.st.stm32cube.ide.mcu.externaltools.gnu-tools-for-stm32.13.3.rel1.macos64_1.0.0.202411102158/tools/bin/../lib/gcc/arm-none-eabi/13.3.1/../../../../arm-none-eabi/lib/thumb/v7e-m+fp/hard/libc_nano.a(libc_a-signal.o)
                0x0800af38                _raise_r
 .text.raise    0x0800af88       0x10 /Applications/STM32CubeIDE.app/Contents/Eclipse/plugins/com.st.stm32cube.ide.mcu.externaltools.gnu-tools-for-stm32.13.3.rel1.macos64_1.0.0.202411102158/tools/bin/../lib/gcc/arm-none-eabi/13.3.1/../../../../arm-none-eabi/lib/thumb/v7e-m+fp/hard/libc_nano.a(libc_a-signal.o)
                0x0800af88                raise
 .text._kill_r  0x0800af98       0x24 /Applications/STM32CubeIDE.app/Contents/Eclipse/plugins/com.st.stm32cube.ide.mcu.externaltools.gnu-tools-for-stm32.13.3.rel1.macos64_1.0.0.202411102158/tools/bin/../lib/gcc/arm-none-eabi/13.3.1/../../../../arm-none-eabi/lib/thumb/v7e-m+fp/hard/libc_nano.a(libc_a-signalr.o)
                0x0800af98                _kill_r
 .text._getpid_r
                0x0800afbc        0x4 /Applications/STM32CubeIDE.app/Contents/Eclipse/plugins/com.st.stm32cube.ide.mcu.externaltools.gnu-tools-for-stm32.13.3.rel1.macos64_1.0.0.202411102158/tools/bin/../lib/gcc/arm-none-eabi/13.3.1/../../../../arm-none-eabi/lib/thumb/v7e-m+fp/hard/libc_nano.a(libc_a-signalr.o)
                0x0800afbc                _getpid_r
 .text._malloc_usable_size_r
                0x0800afc0       0x10 /Applications/STM32CubeIDE.app/Contents/Eclipse/plugins/com.st.stm32cube.ide.mcu.externaltools.gnu-tools-for-stm32.13.3.rel1.macos64_1.0.0.202411102158/tools/bin/../lib/gcc/arm-none-eabi/13.3.1/../../../../arm-none-eabi/lib/thumb/v7e-m+fp/hard/libc_nano.a(libc_a-msizer.o)
                0x0800afc0                _malloc_usable_size_r
 *(.glue_7)
 .glue_7        0x0800afd0        0x0 linker stubs
 *(.glue_7t)
 .glue_7t       0x0800afd0        0x0 linker stubs
 *(.eh_frame)
 .eh_frame      0x0800afd0        0x0 /Applications/STM32CubeIDE.app/Contents/Eclipse/plugins/com.st.stm32cube.ide.mcu.externaltools.gnu-tools-for-stm32.13.3.rel1.macos64_1.0.0.202411102158/tools/bin/../lib/gcc/arm-none-eabi/13.3.1/thumb/v7e-m+fp/hard/crtbegin.o
 *(.init)
 .init          0x0800afd0        0x4 /Applications/STM32CubeIDE.app/Contents/Eclipse/plugins/com.st.stm32cube.ide.mcu.externaltools.gnu-tools-for-stm32.13.3.rel1.macos64_1.0.0.202411102158/tools/bin/../lib/gcc/arm-none-eabi/13.3.1/thumb/v7e-m+fp/hard/crti.o
                0x0800afd0                _init
 .init          0x0800afd4        0x8 /Applications/STM32CubeIDE.app/Contents/Eclipse/plugins/com.st.stm32cube.ide.mcu.externaltools.gnu-tools-for-stm32.13.3.rel1.macos64_1.0.0.202411102158/tools/bin/../lib/gcc/arm-none-eabi/13.3.1/thumb/v7e-m+fp/hard/crtn.o
 *(.fini)
 .fini          0x0800afdc        0x4 /Applications/STM32CubeIDE.app/Contents/Eclipse/plugins/com.st.stm32cube.ide.mcu.externaltools.gnu-tools-for-stm32.13.3.rel1.macos64_1.0.0.202411102158/tools/bin/../lib/gcc/arm-none-eabi/13.3.1/thumb/v7e-m+fp/hard/crti.o
                0x0800afdc                _fini
 .fini          0x0800afe0        0x8 /Applications/STM32CubeIDE.app/Contents/Eclipse/plugins/com.st.stm32cube.ide.mcu.externaltools.gnu-tools-for-stm32.13.3.rel1.macos64_1.0.0.202411102158/tools/bin/../lib/gcc/arm-none-eabi/13.3.1/thumb/v7e-m+fp/hard/crtn.o
                0x0800afe8                        . = ALIGN (0x4)
                0x0800afe8                        _etext = .

.vfp11_veneer   0x0800afe8        0x0
 .vfp11_veneer  0x0800afe8        0x0 linker stubs

.v4_bx          0x0800afe8        0x0
 .v4_bx         0x0800afe8        0x0 linker stubs

.iplt           0x0800afe8        0x0
 .iplt          0x0800afe8        0x0 /Applications/STM32CubeIDE.app/Contents/Eclipse/plugins/com.st.stm32cube.ide.mcu.externaltools.gnu-tools-for-stm32.13.3.rel1.macos64_1.0.0.202411102158/tools/bin/../lib/gcc/arm-none-eabi/13.3.1/thumb/v7e-m+fp/hard/crtbegin.o

.rodata         0x0800afe8      0xb74
                0x0800afe8                        . = ALIGN (0x4)
 *(.rodata)
 .rodata        0x0800afe8      0x502 ./Core/Src/main.o
 *fill*         0x0800b4ea        0x2 
 .rodata        0x0800b4ec      0x317 ./IOT_SDK/BSP/esp32_at.o
 *fill*         0x0800b803        0x1 
 .rodata        0x0800b804      0x137 ./IOT_SDK/BSP/utils/sesnor_util.o
 *fill*         0x0800b93b        0x1 
 .rodata        0x0800b93c        0x5 ./IOT_SDK/Thirdparty/FreeRTOS-Kernel/tasks.o
 *fill*         0x0800b941        0x3 
 .rodata        0x0800b944        0x8 ./IOT_SDK/Thirdparty/FreeRTOS-Kernel/timers.o
 .rodata        0x0800b94c       0x16 ./IOT_SDK/mqtt_helper/mqtt_helper.o
 *fill*         0x0800b962        0x2 
 .rodata        0x0800b964        0xc /Applications/STM32CubeIDE.app/Contents/Eclipse/plugins/com.st.stm32cube.ide.mcu.externaltools.gnu-tools-for-stm32.13.3.rel1.macos64_1.0.0.202411102158/tools/bin/../lib/gcc/arm-none-eabi/13.3.1/../../../../arm-none-eabi/lib/thumb/v7e-m+fp/hard/libc_nano.a(libc_a-nano-vfscanf_i.o)
 *(.rodata*)
 .rodata.AHBPrescTable
                0x0800b970       0x10 ./Core/Src/system_stm32f4xx.o
                0x0800b970                AHBPrescTable
 .rodata.APBPrescTable
                0x0800b980        0x8 ./Core/Src/system_stm32f4xx.o
                0x0800b980                APBPrescTable
 .rodata.flagBitshiftOffset.0
                0x0800b988        0x8 ./Drivers/STM32F4xx_HAL_Driver/Src/stm32f4xx_hal_dma.o
 .rodata.__func__.2
                0x0800b990       0x13 ./IOT_SDK/BSP/esp32_at.o
 *fill*         0x0800b9a3        0x1 
 .rodata.__func__.1
                0x0800b9a4       0x15 ./IOT_SDK/BSP/esp32_at.o
 *fill*         0x0800b9b9        0x3 
 .rodata.__func__.0
                0x0800b9bc        0xf ./IOT_SDK/BSP/esp32_at.o
 *fill*         0x0800b9cb        0x1 
 .rodata.uxTopUsedPriority
                0x0800b9cc        0x4 ./IOT_SDK/Thirdparty/FreeRTOS-Kernel/tasks.o
 .rodata.__assert_func.str1.1
                0x0800b9d0       0x8a /Applications/STM32CubeIDE.app/Contents/Eclipse/plugins/com.st.stm32cube.ide.mcu.externaltools.gnu-tools-for-stm32.13.3.rel1.macos64_1.0.0.202411102158/tools/bin/../lib/gcc/arm-none-eabi/13.3.1/../../../../arm-none-eabi/lib/thumb/v7e-m+fp/hard/libc_nano.a(libc_a-assert.o)
                                 0x3d (size before relaxing)
 .rodata._vfprintf_r.str1.1
                0x0800ba5a       0x11 /Applications/STM32CubeIDE.app/Contents/Eclipse/plugins/com.st.stm32cube.ide.mcu.externaltools.gnu-tools-for-stm32.13.3.rel1.macos64_1.0.0.202411102158/tools/bin/../lib/gcc/arm-none-eabi/13.3.1/../../../../arm-none-eabi/lib/thumb/v7e-m+fp/hard/libc_nano.a(libc_a-nano-vfprintf.o)
 .rodata._printf_i.str1.1
                0x0800ba5a       0x22 /Applications/STM32CubeIDE.app/Contents/Eclipse/plugins/com.st.stm32cube.ide.mcu.externaltools.gnu-tools-for-stm32.13.3.rel1.macos64_1.0.0.202411102158/tools/bin/../lib/gcc/arm-none-eabi/13.3.1/../../../../arm-none-eabi/lib/thumb/v7e-m+fp/hard/libc_nano.a(libc_a-nano-vfprintf_i.o)
 .rodata._ctype_
                0x0800ba5a      0x101 /Applications/STM32CubeIDE.app/Contents/Eclipse/plugins/com.st.stm32cube.ide.mcu.externaltools.gnu-tools-for-stm32.13.3.rel1.macos64_1.0.0.202411102158/tools/bin/../lib/gcc/arm-none-eabi/13.3.1/../../../../arm-none-eabi/lib/thumb/v7e-m+fp/hard/libc_nano.a(libc_a-ctype_.o)
                0x0800ba5a                _ctype_
 .rodata._svfprintf_r.str1.1
                0x0800bb5b       0x11 /Applications/STM32CubeIDE.app/Contents/Eclipse/plugins/com.st.stm32cube.ide.mcu.externaltools.gnu-tools-for-stm32.13.3.rel1.macos64_1.0.0.202411102158/tools/bin/../lib/gcc/arm-none-eabi/13.3.1/../../../../arm-none-eabi/lib/thumb/v7e-m+fp/hard/libc_nano.a(libc_a-nano-svfprintf.o)
 .rodata.__ssvfscanf_r.str1.1
                0x0800bb5b        0x4 /Applications/STM32CubeIDE.app/Contents/Eclipse/plugins/com.st.stm32cube.ide.mcu.externaltools.gnu-tools-for-stm32.13.3.rel1.macos64_1.0.0.202411102158/tools/bin/../lib/gcc/arm-none-eabi/13.3.1/../../../../arm-none-eabi/lib/thumb/v7e-m+fp/hard/libc_nano.a(libc_a-nano-svfscanf.o)
 .rodata._scanf_i.str1.1
                0x0800bb5b       0x12 /Applications/STM32CubeIDE.app/Contents/Eclipse/plugins/com.st.stm32cube.ide.mcu.externaltools.gnu-tools-for-stm32.13.3.rel1.macos64_1.0.0.202411102158/tools/bin/../lib/gcc/arm-none-eabi/13.3.1/../../../../arm-none-eabi/lib/thumb/v7e-m+fp/hard/libc_nano.a(libc_a-nano-vfscanf_i.o)
 .rodata.str1.1
                0x0800bb5b        0x9 /Applications/STM32CubeIDE.app/Contents/Eclipse/plugins/com.st.stm32cube.ide.mcu.externaltools.gnu-tools-for-stm32.13.3.rel1.macos64_1.0.0.202411102158/tools/bin/../lib/gcc/arm-none-eabi/13.3.1/../../../../arm-none-eabi/lib/thumb/v7e-m+fp/hard/libc_nano.a(libc_a-nano-vfscanf_i.o)
                0x0800bb70                        . = ALIGN (0x4)
 *fill*         0x0800bb5b        0x1 

.ARM.extab      0x0800bb5c        0x0
                0x0800bb5c                        . = ALIGN (0x4)
 *(.ARM.extab* .gnu.linkonce.armextab.*)
                0x0800bb5c                        . = ALIGN (0x4)

.ARM            0x0800bb5c        0x8
                0x0800bb5c                        . = ALIGN (0x4)
                0x0800bb5c                        __exidx_start = .
 *(.ARM.exidx*)
 .ARM.exidx     0x0800bb5c        0x8 /Applications/STM32CubeIDE.app/Contents/Eclipse/plugins/com.st.stm32cube.ide.mcu.externaltools.gnu-tools-for-stm32.13.3.rel1.macos64_1.0.0.202411102158/tools/bin/../lib/gcc/arm-none-eabi/13.3.1/../../../../arm-none-eabi/lib/thumb/v7e-m+fp/hard/libc_nano.a(libc_a-memchr.o)
 .ARM.exidx     0x0800bb64        0x0 /Applications/STM32CubeIDE.app/Contents/Eclipse/plugins/com.st.stm32cube.ide.mcu.externaltools.gnu-tools-for-stm32.13.3.rel1.macos64_1.0.0.202411102158/tools/bin/../lib/gcc/arm-none-eabi/13.3.1/../../../../arm-none-eabi/lib/thumb/v7e-m+fp/hard/libc_nano.a(libc_a-strlen.o)
                                  0x8 (size before relaxing)
 .ARM.exidx     0x0800bb64        0x0 /Applications/STM32CubeIDE.app/Contents/Eclipse/plugins/com.st.stm32cube.ide.mcu.externaltools.gnu-tools-for-stm32.13.3.rel1.macos64_1.0.0.202411102158/tools/bin/../lib/gcc/arm-none-eabi/13.3.1/thumb/v7e-m+fp/hard/libgcc.a(_udivmoddi4.o)
                                  0x8 (size before relaxing)
                0x0800bb64                        __exidx_end = .
                0x0800bb64                        . = ALIGN (0x4)

.preinit_array  0x0800bb64        0x0
                0x0800bb64                        . = ALIGN (0x4)
                0x0800bb64                        PROVIDE (__preinit_array_start = .)
 *(.preinit_array*)
                0x0800bb64                        PROVIDE (__preinit_array_end = .)
                0x0800bb64                        . = ALIGN (0x4)

.init_array     0x0800bb64        0x4
                0x0800bb64                        . = ALIGN (0x4)
                0x0800bb64                        PROVIDE (__init_array_start = .)
 *(SORT_BY_NAME(.init_array.*))
 *(.init_array*)
 .init_array    0x0800bb64        0x4 /Applications/STM32CubeIDE.app/Contents/Eclipse/plugins/com.st.stm32cube.ide.mcu.externaltools.gnu-tools-for-stm32.13.3.rel1.macos64_1.0.0.202411102158/tools/bin/../lib/gcc/arm-none-eabi/13.3.1/thumb/v7e-m+fp/hard/crtbegin.o
                0x0800bb68                        PROVIDE (__init_array_end = .)
                0x0800bb68                        . = ALIGN (0x4)

.fini_array     0x0800bb68        0x4
                0x0800bb68                        . = ALIGN (0x4)
                [!provide]                        PROVIDE (__fini_array_start = .)
 *(SORT_BY_NAME(.fini_array.*))
 *(.fini_array*)
 .fini_array    0x0800bb68        0x4 /Applications/STM32CubeIDE.app/Contents/Eclipse/plugins/com.st.stm32cube.ide.mcu.externaltools.gnu-tools-for-stm32.13.3.rel1.macos64_1.0.0.202411102158/tools/bin/../lib/gcc/arm-none-eabi/13.3.1/thumb/v7e-m+fp/hard/crtbegin.o
                [!provide]                        PROVIDE (__fini_array_end = .)
                0x0800bb6c                        . = ALIGN (0x4)
                0x0800bb6c                        _sidata = LOADADDR (.data)

.rel.dyn        0x0800bb6c        0x0
 .rel.iplt      0x0800bb6c        0x0 /Applications/STM32CubeIDE.app/Contents/Eclipse/plugins/com.st.stm32cube.ide.mcu.externaltools.gnu-tools-for-stm32.13.3.rel1.macos64_1.0.0.202411102158/tools/bin/../lib/gcc/arm-none-eabi/13.3.1/thumb/v7e-m+fp/hard/crtbegin.o

.data           0x20000000       0x6c load address 0x0800bb6c
                0x20000000                        . = ALIGN (0x4)
                0x20000000                        _sdata = .
 *(.data)
 *(.data*)
 .data.SystemCoreClock
                0x20000000        0x4 ./Core/Src/system_stm32f4xx.o
                0x20000000                SystemCoreClock
 .data.uwTickPrio
                0x20000004        0x4 ./Drivers/STM32F4xx_HAL_Driver/Src/stm32f4xx_hal.o
                0x20000004                uwTickPrio
 .data.uwTickFreq
                0x20000008        0x1 ./Drivers/STM32F4xx_HAL_Driver/Src/stm32f4xx_hal.o
                0x20000008                uwTickFreq
 *fill*         0x20000009        0x3 
 .data.uxCriticalNesting
                0x2000000c        0x4 ./IOT_SDK/Thirdparty/FreeRTOS-Kernel/portable/GCC/ARM_CM4F/port.o
 .data.__sglue  0x20000010        0xc /Applications/STM32CubeIDE.app/Contents/Eclipse/plugins/com.st.stm32cube.ide.mcu.externaltools.gnu-tools-for-stm32.13.3.rel1.macos64_1.0.0.202411102158/tools/bin/../lib/gcc/arm-none-eabi/13.3.1/../../../../arm-none-eabi/lib/thumb/v7e-m+fp/hard/libc_nano.a(libc_a-findfp.o)
                0x20000010                __sglue
 .data._impure_ptr
                0x2000001c        0x4 /Applications/STM32CubeIDE.app/Contents/Eclipse/plugins/com.st.stm32cube.ide.mcu.externaltools.gnu-tools-for-stm32.13.3.rel1.macos64_1.0.0.202411102158/tools/bin/../lib/gcc/arm-none-eabi/13.3.1/../../../../arm-none-eabi/lib/thumb/v7e-m+fp/hard/libc_nano.a(libc_a-impure.o)
                0x2000001c                _impure_ptr
 .data._impure_data
                0x20000020       0x4c /Applications/STM32CubeIDE.app/Contents/Eclipse/plugins/com.st.stm32cube.ide.mcu.externaltools.gnu-tools-for-stm32.13.3.rel1.macos64_1.0.0.202411102158/tools/bin/../lib/gcc/arm-none-eabi/13.3.1/../../../../arm-none-eabi/lib/thumb/v7e-m+fp/hard/libc_nano.a(libc_a-impure.o)
                0x20000020                _impure_data
 *(.RamFunc)
 *(.RamFunc*)
                0x2000006c                        . = ALIGN (0x4)
                0x2000006c                        _edata = .

.igot.plt       0x2000006c        0x0 load address 0x0800bbd8
 .igot.plt      0x2000006c        0x0 /Applications/STM32CubeIDE.app/Contents/Eclipse/plugins/com.st.stm32cube.ide.mcu.externaltools.gnu-tools-for-stm32.13.3.rel1.macos64_1.0.0.202411102158/tools/bin/../lib/gcc/arm-none-eabi/13.3.1/thumb/v7e-m+fp/hard/crtbegin.o
                0x2000006c                        . = ALIGN (0x4)

.bss            0x2000006c     0xe610 load address 0x0800bbd8
                0x2000006c                        _sbss = .
                0x2000006c                        __bss_start__ = _sbss
 *(.bss)
 .bss           0x2000006c       0x1c /Applications/STM32CubeIDE.app/Contents/Eclipse/plugins/com.st.stm32cube.ide.mcu.externaltools.gnu-tools-for-stm32.13.3.rel1.macos64_1.0.0.202411102158/tools/bin/../lib/gcc/arm-none-eabi/13.3.1/thumb/v7e-m+fp/hard/crtbegin.o
 *(.bss*)
 .bss.hi2c1     0x20000088       0x54 ./Core/Src/main.o
                0x20000088                hi2c1
 .bss.huart4    0x200000dc       0x48 ./Core/Src/main.o
                0x200000dc                huart4
 .bss.huart2    0x20000124       0x48 ./Core/Src/main.o
                0x20000124                huart2
 .bss.hdma_uart4_rx
                0x2000016c       0x60 ./Core/Src/main.o
                0x2000016c                hdma_uart4_rx
 .bss.mqtt_tx_queue
                0x200001cc        0x4 ./Core/Src/main.o
                0x200001cc                mqtt_tx_queue
 .bss.mqtt_rx_queue
                0x200001d0        0x4 ./Core/Src/main.o
                0x200001d0                mqtt_rx_queue
 .bss.payload_buffer.1
                0x200001d4      0x200 ./Core/Src/main.o
 .bss.topic_buffer.0
                0x200003d4       0x50 ./Core/Src/main.o
 .bss.htim6     0x20000424       0x48 ./Core/Src/stm32f4xx_hal_timebase_tim.o
                0x20000424                htim6
 .bss.__sbrk_heap_end
                0x2000046c        0x4 ./Core/Src/sysmem.o
 .bss.uwTick    0x20000470        0x4 ./Drivers/STM32F4xx_HAL_Driver/Src/stm32f4xx_hal.o
                0x20000470                uwTick
 .bss.at_cmd    0x20000474      0x100 ./IOT_SDK/BSP/esp32_at.o
 .bss.rx_buffer
                0x20000574      0xc00 ./IOT_SDK/BSP/esp32_at.o
 .bss.wifi_rx_buffer
                0x20001174     0x2804 ./IOT_SDK/BSP/esp32_at_io.o
                0x20001174                wifi_rx_buffer
 .bss.tail_pos.0
                0x20003978        0x2 ./IOT_SDK/BSP/esp32_at_io.o
 *fill*         0x2000397a        0x2 
 .bss.last_reading
                0x2000397c        0x8 ./IOT_SDK/BSP/utils/sesnor_util.o
 .bss.timerTaskTCB.3
                0x20003984       0x50 ./IOT_SDK/Thirdparty/FreeRTOS-Kernel/freertos_hooks.o
 .bss.timerTaskStack.2
                0x200039d4      0x400 ./IOT_SDK/Thirdparty/FreeRTOS-Kernel/freertos_hooks.o
 .bss.idleTaskTCB.1
                0x20003dd4       0x50 ./IOT_SDK/Thirdparty/FreeRTOS-Kernel/freertos_hooks.o
 .bss.idleTaskStack.0
                0x20003e24      0x200 ./IOT_SDK/Thirdparty/FreeRTOS-Kernel/freertos_hooks.o
 .bss.pxCurrentTCB
                0x20004024        0x4 ./IOT_SDK/Thirdparty/FreeRTOS-Kernel/tasks.o
                0x20004024                pxCurrentTCB
 .bss.pxReadyTasksLists
                0x20004028      0x280 ./IOT_SDK/Thirdparty/FreeRTOS-Kernel/tasks.o
 .bss.xDelayedTaskList1
                0x200042a8       0x14 ./IOT_SDK/Thirdparty/FreeRTOS-Kernel/tasks.o
 .bss.xDelayedTaskList2
                0x200042bc       0x14 ./IOT_SDK/Thirdparty/FreeRTOS-Kernel/tasks.o
 .bss.pxDelayedTaskList
                0x200042d0        0x4 ./IOT_SDK/Thirdparty/FreeRTOS-Kernel/tasks.o
 .bss.pxOverflowDelayedTaskList
                0x200042d4        0x4 ./IOT_SDK/Thirdparty/FreeRTOS-Kernel/tasks.o
 .bss.xPendingReadyList
                0x200042d8       0x14 ./IOT_SDK/Thirdparty/FreeRTOS-Kernel/tasks.o
 .bss.xTasksWaitingTermination
                0x200042ec       0x14 ./IOT_SDK/Thirdparty/FreeRTOS-Kernel/tasks.o
 .bss.uxDeletedTasksWaitingCleanUp
                0x20004300        0x4 ./IOT_SDK/Thirdparty/FreeRTOS-Kernel/tasks.o
 .bss.xSuspendedTaskList
                0x20004304       0x14 ./IOT_SDK/Thirdparty/FreeRTOS-Kernel/tasks.o
 .bss.uxCurrentNumberOfTasks
                0x20004318        0x4 ./IOT_SDK/Thirdparty/FreeRTOS-Kernel/tasks.o
 .bss.xTickCount
                0x2000431c        0x4 ./IOT_SDK/Thirdparty/FreeRTOS-Kernel/tasks.o
 .bss.uxTopReadyPriority
                0x20004320        0x4 ./IOT_SDK/Thirdparty/FreeRTOS-Kernel/tasks.o
 .bss.xSchedulerRunning
                0x20004324        0x4 ./IOT_SDK/Thirdparty/FreeRTOS-Kernel/tasks.o
 .bss.xPendedTicks
                0x20004328        0x4 ./IOT_SDK/Thirdparty/FreeRTOS-Kernel/tasks.o
 .bss.xYieldPendings
                0x2000432c        0x4 ./IOT_SDK/Thirdparty/FreeRTOS-Kernel/tasks.o
 .bss.xNumOfOverflows
                0x20004330        0x4 ./IOT_SDK/Thirdparty/FreeRTOS-Kernel/tasks.o
 .bss.uxTaskNumber
                0x20004334        0x4 ./IOT_SDK/Thirdparty/FreeRTOS-Kernel/tasks.o
 .bss.xNextTaskUnblockTime
                0x20004338        0x4 ./IOT_SDK/Thirdparty/FreeRTOS-Kernel/tasks.o
 .bss.xIdleTaskHandles
                0x2000433c        0x4 ./IOT_SDK/Thirdparty/FreeRTOS-Kernel/tasks.o
 .bss.uxSchedulerSuspended
                0x20004340        0x4 ./IOT_SDK/Thirdparty/FreeRTOS-Kernel/tasks.o
 .bss.xActiveTimerList1
                0x20004344       0x14 ./IOT_SDK/Thirdparty/FreeRTOS-Kernel/timers.o
 .bss.xActiveTimerList2
                0x20004358       0x14 ./IOT_SDK/Thirdparty/FreeRTOS-Kernel/timers.o
 .bss.pxCurrentTimerList
                0x2000436c        0x4 ./IOT_SDK/Thirdparty/FreeRTOS-Kernel/timers.o
 .bss.pxOverflowTimerList
                0x20004370        0x4 ./IOT_SDK/Thirdparty/FreeRTOS-Kernel/timers.o
 .bss.xTimerQueue
                0x20004374        0x4 ./IOT_SDK/Thirdparty/FreeRTOS-Kernel/timers.o
 .bss.xTimerTaskHandle
                0x20004378        0x4 ./IOT_SDK/Thirdparty/FreeRTOS-Kernel/timers.o
 .bss.xLastTime.2
                0x2000437c        0x4 ./IOT_SDK/Thirdparty/FreeRTOS-Kernel/timers.o
 .bss.ucStaticTimerQueueStorage.1
                0x20004380      0x140 ./IOT_SDK/Thirdparty/FreeRTOS-Kernel/timers.o
 .bss.xStaticTimerQueue.0
                0x200044c0       0x48 ./IOT_SDK/Thirdparty/FreeRTOS-Kernel/timers.o
 .bss.ucMaxSysCallPriority
                0x20004508        0x1 ./IOT_SDK/Thirdparty/FreeRTOS-Kernel/portable/GCC/ARM_CM4F/port.o